Component: ARM Compiler 5.05 update 1 (build 106) Tool: armlink [4d0efa]

==============================================================================

Section Cross References

    startup_stm32f405xx.o(RESET) refers to startup_stm32f405xx.o(STACK) for __initial_sp
    startup_stm32f405xx.o(RESET) refers to startup_stm32f405xx.o(.text) for Reset_Handler
    startup_stm32f405xx.o(RESET) refers to stm32f4xx_it.o(i.NMI_Handler) for NMI_Handler
    startup_stm32f405xx.o(RESET) refers to stm32f4xx_it.o(i.HardFault_Handler) for HardFault_Handler
    startup_stm32f405xx.o(RESET) refers to stm32f4xx_it.o(i.MemManage_Handler) for MemManage_Handler
    startup_stm32f405xx.o(RESET) refers to stm32f4xx_it.o(i.BusFault_Handler) for BusFault_Handler
    startup_stm32f405xx.o(RESET) refers to stm32f4xx_it.o(i.UsageFault_Handler) for UsageFault_Handler
    startup_stm32f405xx.o(RESET) refers to stm32f4xx_it.o(i.SVC_Handler) for SVC_Handler
    startup_stm32f405xx.o(RESET) refers to stm32f4xx_it.o(i.DebugMon_Handler) for DebugMon_Handler
    startup_stm32f405xx.o(RESET) refers to stm32f4xx_it.o(i.PendSV_Handler) for PendSV_Handler
    startup_stm32f405xx.o(RESET) refers to stm32f4xx_it.o(i.SysTick_Handler) for SysTick_Handler
    startup_stm32f405xx.o(RESET) refers to stm32f4xx_it.o(i.DMA1_Stream5_IRQHandler) for DMA1_Stream5_IRQHandler
    startup_stm32f405xx.o(RESET) refers to stm32f4xx_it.o(i.TIM1_UP_TIM10_IRQHandler) for TIM1_UP_TIM10_IRQHandler
    startup_stm32f405xx.o(RESET) refers to stm32f4xx_it.o(i.TIM2_IRQHandler) for TIM2_IRQHandler
    startup_stm32f405xx.o(RESET) refers to stm32f4xx_it.o(i.TIM3_IRQHandler) for TIM3_IRQHandler
    startup_stm32f405xx.o(RESET) refers to stm32f4xx_it.o(i.USART2_IRQHandler) for USART2_IRQHandler
    startup_stm32f405xx.o(RESET) refers to stm32f4xx_it.o(i.SDIO_IRQHandler) for SDIO_IRQHandler
    startup_stm32f405xx.o(RESET) refers to stm32f4xx_it.o(i.DMA2_Stream3_IRQHandler) for DMA2_Stream3_IRQHandler
    startup_stm32f405xx.o(.text) refers to system_stm32f4xx_1.o(i.SystemInit) for SystemInit
    startup_stm32f405xx.o(.text) refers to entry.o(.ARM.Collect$$$$00000000) for __main
    system_stm32f4xx_1.o(i.SystemCoreClockUpdate) refers to system_stm32f4xx_1.o(.data) for .data
    system_stm32f4xx_1.o(i.SystemCoreClockUpdate) refers to system_stm32f4xx_1.o(.constdata) for .constdata
    ff_gen_drv.o(i.FATFS_GetAttachedDriversNbr) refers to ff_gen_drv.o(.bss) for .bss
    ff_gen_drv.o(i.FATFS_LinkDriver) refers to ff_gen_drv.o(i.FATFS_LinkDriverEx) for FATFS_LinkDriverEx
    ff_gen_drv.o(i.FATFS_LinkDriverEx) refers to ff_gen_drv.o(.bss) for .bss
    ff_gen_drv.o(i.FATFS_UnLinkDriver) refers to ff_gen_drv.o(i.FATFS_UnLinkDriverEx) for FATFS_UnLinkDriverEx
    ff_gen_drv.o(i.FATFS_UnLinkDriverEx) refers to ff_gen_drv.o(.bss) for .bss
    ff.o(i.check_fs) refers to ff.o(i.move_window) for move_window
    ff.o(i.chk_lock) refers to ff.o(.bss) for .bss
    ff.o(i.clear_lock) refers to ff.o(.bss) for .bss
    ff.o(i.create_chain) refers to ff.o(i.get_fat) for get_fat
    ff.o(i.create_chain) refers to ff.o(i.put_fat) for put_fat
    ff.o(i.create_name) refers to cc936.o(i.ff_convert) for ff_convert
    ff.o(i.create_name) refers to ff.o(i.chk_chr) for chk_chr
    ff.o(i.create_name) refers to ff.o(i.mem_set) for mem_set
    ff.o(i.create_name) refers to cc936.o(i.ff_wtoupper) for ff_wtoupper
    ff.o(i.dec_lock) refers to ff.o(.bss) for .bss
    ff.o(i.dir_find) refers to ff.o(i.dir_sdi) for dir_sdi
    ff.o(i.dir_find) refers to ff.o(i.move_window) for move_window
    ff.o(i.dir_find) refers to cc936.o(i.ff_wtoupper) for ff_wtoupper
    ff.o(i.dir_find) refers to ff.o(i.sum_sfn) for sum_sfn
    ff.o(i.dir_find) refers to ff.o(i.dir_next) for dir_next
    ff.o(i.dir_find) refers to ff.o(.constdata) for .constdata
    ff.o(i.dir_next) refers to ff.o(i.get_fat) for get_fat
    ff.o(i.dir_next) refers to ff.o(i.create_chain) for create_chain
    ff.o(i.dir_next) refers to ff.o(i.sync_window) for sync_window
    ff.o(i.dir_next) refers to ff.o(i.mem_set) for mem_set
    ff.o(i.dir_next) refers to ff.o(i.clust2sect) for clust2sect
    ff.o(i.dir_read) refers to ff.o(i.move_window) for move_window
    ff.o(i.dir_read) refers to ff.o(i.dir_next) for dir_next
    ff.o(i.dir_read) refers to ff.o(i.sum_sfn) for sum_sfn
    ff.o(i.dir_read) refers to ff.o(.constdata) for .constdata
    ff.o(i.dir_register) refers to ff.o(i.mem_cpy) for mem_cpy
    ff.o(i.dir_register) refers to ff.o(i.gen_numname) for gen_numname
    ff.o(i.dir_register) refers to ff.o(i.dir_find) for dir_find
    ff.o(i.dir_register) refers to ff.o(i.dir_sdi) for dir_sdi
    ff.o(i.dir_register) refers to ff.o(i.move_window) for move_window
    ff.o(i.dir_register) refers to ff.o(i.dir_next) for dir_next
    ff.o(i.dir_register) refers to ff.o(i.sum_sfn) for sum_sfn
    ff.o(i.dir_register) refers to ff.o(i.mem_set) for mem_set
    ff.o(i.dir_register) refers to ff.o(.constdata) for .constdata
[...]
    Removing dma.o(.rrx_text), (6 bytes).
    Removing stm32f4xx_hal_msp.o(.rev16_text), (4 bytes).
    Removing stm32f4xx_hal_msp.o(.revsh_text), (4 bytes).
    Removing stm32f4xx_hal_msp.o(.rrx_text), (6 bytes).
    Removing usart.o(.rev16_text), (4 bytes).
    Removing usart.o(.revsh_text), (4 bytes).
    Removing usart.o(.rrx_text), (6 bytes).
    Removing usart.o(i.HAL_UART_MspDeInit), (100 bytes).
    Removing usart.o(i.fputc), (20 bytes).
    Removing stm32f4xx_it.o(.rev16_text), (4 bytes).
    Removing stm32f4xx_it.o(.revsh_text), (4 bytes).
    Removing stm32f4xx_it.o(.rrx_text), (6 bytes).
    Removing main.o(.rev16_text), (4 bytes).
    Removing main.o(.revsh_text), (4 bytes).
    Removing main.o(.rrx_text), (6 bytes).
    Removing main.o(.data), (2 bytes).
    Removing main.o(.data), (2 bytes).
    Removing pid.o(.rev16_text), (4 bytes).
    Removing pid.o(.revsh_text), (4 bytes).
    Removing pid.o(.rrx_text), (6 bytes).
    Removing pid.o(i.PID_Reset), (52 bytes).

605 unused section(s) (total 219680 bytes) removed from the image.

==============================================================================

Image Symbol Table

    Local Symbols

    Symbol Name                              Value     Ov Type        Size  Object(Section)

    ../Drivers/STM32F4xx_HAL_Driver/Src/stm32f4xx_hal.c 0x00000000   Number         0  stm32f4xx_hal.o ABSOLUTE
    ../Drivers/STM32F4xx_HAL_Driver/Src/stm32f4xx_hal_cortex.c 0x00000000   Number         0  stm32f4xx_hal_cortex.o ABSOLUTE
    ../Drivers/STM32F4xx_HAL_Driver/Src/stm32f4xx_hal_dma.c 0x00000000   Number         0  stm32f4xx_hal_dma.o ABSOLUTE
    ../Drivers/STM32F4xx_HAL_Driver/Src/stm32f4xx_hal_dma_ex.c 0x00000000   Number         0  stm32f4xx_hal_dma_ex.o ABSOLUTE
    ../Drivers/STM32F4xx_HAL_Driver/Src/stm32f4xx_hal_flash.c 0x00000000   Number         0  stm32f4xx_hal_flash.o ABSOLUTE
    ../Drivers/STM32F4xx_HAL_Driver/Src/stm32f4xx_hal_flash_ex.c 0x00000000   Number         0  stm32f4xx_hal_flash_ex.o ABSOLUTE
    ../Drivers/STM32F4xx_HAL_Driver/Src/stm32f4xx_hal_flash_ramfunc.c 0x00000000   Number         0  stm32f4xx_hal_flash_ramfunc.o ABSOLUTE
    ../Drivers/STM32F4xx_HAL_Driver/Src/stm32f4xx_hal_gpio.c 0x00000000   Number         0  stm32f4xx_hal_gpio.o ABSOLUTE
    ../Drivers/STM32F4xx_HAL_Driver/Src/stm32f4xx_hal_pwr.c 0x00000000   Number         0  stm32f4xx_hal_pwr.o ABSOLUTE
    ../Drivers/STM32F4xx_HAL_Driver/Src/stm32f4xx_hal_pwr_ex.c 0x00000000   Number         0  stm32f4xx_hal_pwr_ex.o ABSOLUTE
    ../Drivers/STM32F4xx_HAL_Driver/Src/stm32f4xx_hal_rcc.c 0x00000000   Number         0  stm32f4xx_hal_rcc.o ABSOLUTE
    ../Drivers/STM32F4xx_HAL_Driver/Src/stm32f4xx_hal_rcc_ex.c 0x00000000   Number         0  stm32f4xx_hal_rcc_ex.o ABSOLUTE
    ../Drivers/STM32F4xx_HAL_Driver/Src/stm32f4xx_hal_sd.c 0x00000000   Number         0  stm32f4xx_hal_sd.o ABSOLUTE
    ../Drivers/STM32F4xx_HAL_Driver/Src/stm32f4xx_hal_spi.c 0x00000000   Number         0  stm32f4xx_hal_spi.o ABSOLUTE
    ../Drivers/STM32F4xx_HAL_Driver/Src/stm32f4xx_hal_tim.c 0x00000000   Number         0  stm32f4xx_hal_tim.o ABSOLUTE
    ../Drivers/STM32F4xx_HAL_Driver/Src/stm32f4xx_hal_tim_ex.c 0x00000000   Number         0  stm32f4xx_hal_tim_ex.o ABSOLUTE
    ../Drivers/STM32F4xx_HAL_Driver/Src/stm32f4xx_hal_uart.c 0x00000000   Number         0  stm32f4xx_hal_uart.o ABSOLUTE
    ../Drivers/STM32F4xx_HAL_Driver/Src/stm32f4xx_ll_sdmmc.c 0x00000000   Number         0  stm32f4xx_ll_sdmmc.o ABSOLUTE
    ../Middlewares/Third_Party/FatFs/src/diskio.c 0x00000000   Number         0  diskio.o ABSOLUTE
    ../Middlewares/Third_Party/FatFs/src/drivers/sd_diskio.c 0x00000000   Number         0  sd_diskio.o ABSOLUTE
    ../Middlewares/Third_Party/FatFs/src/ff.c 0x00000000   Number         0  ff.o ABSOLUTE
    ../Middlewares/Third_Party/FatFs/src/ff_gen_drv.c 0x00000000   Number         0  ff_gen_drv.o ABSOLUTE
    ../Middlewares/Third_Party/FatFs/src/option/cc936.c 0x00000000   Number         0  cc936.o ABSOLUTE
    ../Middlewares/Third_Party/FatFs/src/option/syscall.c 0x00000000   Number         0  syscall.o ABSOLUTE
    ../Src/bsp_driver_sd.c                   0x00000000   Number         0  bsp_driver_sd.o ABSOLUTE
    ../Src/dma.c                             0x00000000   Number         0  dma.o ABSOLUTE
    ../Src/fatfs.c                           0x00000000   Number         0  fatfs.o ABSOLUTE
    ../Src/gpio.c                            0x00000000   Number         0  gpio.o ABSOLUTE
    ../Src/main.c                            0x00000000   Number         0  main.o ABSOLUTE
    ../Src/sdio.c                            0x00000000   Number         0  sdio.o ABSOLUTE
    ../Src/spi.c                             0x00000000   Number         0  spi.o ABSOLUTE
    ../Src/stm32f4xx_hal_msp.c               0x00000000   Number         0  stm32f4xx_hal_msp.o ABSOLUTE
    ../Src/stm32f4xx_it.c                    0x00000000   Number         0  stm32f4xx_it.o ABSOLUTE
    ../Src/system_stm32f4xx.c                0x00000000   Number         0  system_stm32f4xx_1.o ABSOLUTE
    ../Src/tim.c                             0x00000000   Number         0  tim.o ABSOLUTE
    ../Src/usart.c                           0x00000000   Number         0  usart.o ABSOLUTE
    ../clib/microlib/init/entry.s            0x00000000   Number         0  entry10b.o ABSOLUTE
    ../clib/microlib/init/entry.s            0x00000000   Number         0  entry8a.o ABSOLUTE
    ../clib/microlib/init/entry.s            0x00000000   Number         0  entry8b.o ABSOLUTE
    ../clib/microlib/init/entry.s            0x00000000   Number         0  entry7b.o ABSOLUTE
    ../clib/microlib/init/entry.s            0x00000000   Number         0  entry2.o ABSOLUTE
    ../clib/microlib/init/entry.s            0x00000000   Number         0  entry11a.o ABSOLUTE
    ../clib/microlib/init/entry.s            0x00000000   Number         0  entry11b.o ABSOLUTE
    ../clib/microlib/init/entry.s            0x00000000   Number         0  entry5.o ABSOLUTE
    ../clib/microlib/init/entry.s            0x00000000   Number         0  entry9a.o ABSOLUTE
    ../clib/microlib/init/entry.s            0x00000000   Number         0  entry9b.o ABSOLUTE
    ../clib/microlib/init/entry.s            0x00000000   Number         0  entry.o ABSOLUTE
    ../clib/microlib/init/entry.s            0x00000000   Number         0  entry10a.o ABSOLUTE
    ../clib/microlib/init/entry.s            0x00000000   Number         0  entry7a.o ABSOLUTE
    ../clib/microlib/longlong.c              0x00000000   Number         0  llshl.o ABSOLUTE
    ../clib/microlib/longlong.c              0x00000000   Number         0  llsshr.o ABSOLUTE
    ../clib/microlib/longlong.c              0x00000000   Number         0  llushr.o ABSOLUTE
    ../clib/microlib/stubs.s                 0x00000000   Number         0  iusefp.o ABSOLUTE
    ../fplib/microlib/d2f.c                  0x00000000   Number         0  d2f.o ABSOLUTE
    ../fplib/microlib/f2d.c                  0x00000000   Number         0  f2d.o ABSOLUTE
    ../fplib/microlib/fpadd.c                0x00000000   Number         0  fadd.o ABSOLUTE
    ../fplib/microlib/fpadd.c                0x00000000   Number         0  dadd.o ABSOLUTE
    ../fplib/microlib/fpdiv.c                0x00000000   Number         0  fdiv.o ABSOLUTE
    ../fplib/microlib/fpepilogue.c           0x00000000   Number         0  depilogue.o ABSOLUTE
    ../fplib/microlib/fpepilogue.c           0x00000000   Number         0  fepilogue.o ABSOLUTE
    ../fplib/microlib/fpfix.c                0x00000000   Number         0  ffixi.o ABSOLUTE
    ../fplib/microlib/fpflt.c                0x00000000   Number         0  fflti.o ABSOLUTE
    ../fplib/microlib/fpmul.c                0x00000000   Number         0  fmul.o ABSOLUTE
    ../fplib/microlib/fpscalb.c              0x00000000   Number         0  fscalb.o ABSOLUTE
    ..\Drivers\STM32F4xx_HAL_Driver\Src\stm32f4xx_hal.c 0x00000000   Number         0  stm32f4xx_hal.o ABSOLUTE
    ..\Drivers\STM32F4xx_HAL_Driver\Src\stm32f4xx_hal_cortex.c 0x00000000   Number         0  stm32f4xx_hal_cortex.o ABSOLUTE
    ..\Drivers\STM32F4xx_HAL_Driver\Src\stm32f4xx_hal_dma.c 0x00000000   Number         0  stm32f4xx_hal_dma.o ABSOLUTE
    ..\Drivers\STM32F4xx_HAL_Driver\Src\stm32f4xx_hal_dma_ex.c 0x00000000   Number         0  stm32f4xx_hal_dma_ex.o ABSOLUTE
    ..\Drivers\STM32F4xx_HAL_Driver\Src\stm32f4xx_hal_flash.c 0x00000000   Number         0  stm32f4xx_hal_flash.o ABSOLUTE
    ..\Drivers\STM32F4xx_HAL_Driver\Src\stm32f4xx_hal_flash_ex.c 0x00000000   Number         0  stm32f4xx_hal_flash_ex.o ABSOLUTE
    ..\Drivers\STM32F4xx_HAL_Driver\Src\stm32f4xx_hal_flash_ramfunc.c 0x00000000   Number         0  stm32f4xx_hal_flash_ramfunc.o ABSOLUTE
    ..\Drivers\STM32F4xx_HAL_Driver\Src\stm32f4xx_hal_gpio.c 0x00000000   Number         0  stm32f4xx_hal_gpio.o ABSOLUTE
    ..\Drivers\STM32F4xx_HAL_Driver\Src\stm32f4xx_hal_pwr.c 0x00000000   Number         0  stm32f4xx_hal_pwr.o ABSOLUTE
    ..\Drivers\STM32F4xx_HAL_Driver\Src\stm32f4xx_hal_pwr_ex.c 0x00000000   Number         0  stm32f4xx_hal_pwr_ex.o ABSOLUTE
    ..\Drivers\STM32F4xx_HAL_Driver\Src\stm32f4xx_hal_rcc.c 0x00000000   Number         0  stm32f4xx_hal_rcc.o ABSOLUTE
    ..\Drivers\STM32F4xx_HAL_Driver\Src\stm32f4xx_hal_rcc_ex.c 0x00000000   Number         0  stm32f4xx_hal_rcc_ex.o ABSOLUTE
    ..\Drivers\STM32F4xx_HAL_Driver\Src\stm32f4xx_hal_sd.c 0x00000000   Number         0  stm32f4xx_hal_sd.o ABSOLUTE
    ..\Drivers\STM32F4xx_HAL_Driver\Src\stm32f4xx_hal_spi.c 0x00000000   Number         0  stm32f4xx_hal_spi.o ABSOLUTE
    ..\Drivers\STM32F4xx_HAL_Driver\Src\stm32f4xx_hal_tim.c 0x00000000   Number         0  stm32f4xx_hal_tim.o ABSOLUTE
    ..\Drivers\STM32F4xx_HAL_Driver\Src\stm32f4xx_hal_tim_ex.c 0x00000000   Number         0  stm32f4xx_hal_tim_ex.o ABSOLUTE
    ..\Drivers\STM32F4xx_HAL_Driver\Src\stm32f4xx_hal_uart.c 0x00000000   Number         0  stm32f4xx_hal_uart.o ABSOLUTE
    ..\Drivers\STM32F4xx_HAL_Driver\Src\stm32f4xx_ll_sdmmc.c 0x00000000   Number         0  stm32f4xx_ll_sdmmc.o ABSOLUTE
    ..\Middlewares\Third_Party\FatFs\src\diskio.c 0x00000000   Number         0  diskio.o ABSOLUTE
    ..\Middlewares\Third_Party\FatFs\src\drivers\sd_diskio.c 0x00000000   Number         0  sd_diskio.o ABSOLUTE
    ..\Middlewares\Third_Party\FatFs\src\ff.c 0x00000000   Number         0  ff.o ABSOLUTE
    ..\Middlewares\Third_Party\FatFs\src\ff_gen_drv.c 0x00000000   Number         0  ff_gen_drv.o ABSOLUTE
    ..\Middlewares\Third_Party\FatFs\src\option\cc936.c 0x00000000   Number         0  cc936.o ABSOLUTE
    ..\Middlewares\Third_Party\FatFs\src\option\syscall.c 0x00000000   Number         0  syscall.o ABSOLUTE
    ..\Src\bsp_driver_sd.c                   0x00000000   Number         0  bsp_driver_sd.o ABSOLUTE
    ..\Src\dma.c                             0x00000000   Number         0  dma.o ABSOLUTE
    ..\Src\fatfs.c                           0x00000000   Number         0  fatfs.o ABSOLUTE
    ..\Src\gpio.c                            0x00000000   Number         0  gpio.o ABSOLUTE
    ..\Src\main.c                            0x00000000   Number         0  main.o ABSOLUTE
    ..\Src\pid.c                             0x00000000   Number         0  pid.o ABSOLUTE
    ..\Src\sdio.c                            0x00000000   Number         0  sdio.o ABSOLUTE
    ..\Src\spi.c                             0x00000000   Number         0  spi.o ABSOLUTE
    ..\Src\stm32f4xx_hal_msp.c               0x00000000   Number         0  stm32f4xx_hal_msp.o ABSOLUTE
    ..\Src\stm32f4xx_it.c                    0x00000000   Number         0  stm32f4xx_it.o ABSOLUTE
    ..\Src\system_stm32f4xx.c                0x00000000   Number         0  system_stm32f4xx_1.o ABSOLUTE
    ..\Src\tim.c                             0x00000000   Number         0  tim.o ABSOLUTE
    ..\Src\usart.c                           0x00000000   Number         0  usart.o ABSOLUTE
    ..\\Src\\pid.c                           0x00000000   Number         0  pid.o ABSOLUTE
    dc.s                                     0x00000000   Number         0  dc.o ABSOLUTE
    handlers.s                               0x00000000   Number         0  handlers.o ABSOLUTE
    init.s                                   0x00000000   Number         0  init.o ABSOLUTE
    startup_stm32f405xx.s                    0x00000000   Number         0  startup_stm32f405xx.o ABSOLUTE
    RESET                                    0x08000000   Section      392  startup_stm32f405xx.o(RESET)
    .ARM.Collect$$$$00000000                 0x08000188   Section        0  entry.o(.ARM.Collect$$$$00000000)
    .ARM.Collect$$$$00000001                 0x08000188   Section        4  entry2.o(.ARM.Collect$$$$00000001)
    .ARM.Collect$$$$00000004                 0x0800018c   Section        4  entry5.o(.ARM.Collect$$$$00000004)
    .ARM.Collect$$$$00000008                 0x08000190   Section        0  entry7b.o(.ARM.Collect$$$$00000008)
    .ARM.Collect$$$$0000000A                 0x08000190   Section        0  entry8b.o(.ARM.Collect$$$$0000000A)
    .ARM.Collect$$$$0000000B                 0x08000190   Section        8  entry9a.o(.ARM.Collect$$$$0000000B)
    .ARM.Collect$$$$0000000D                 0x08000198   Section        0  entry10a.o(.ARM.Collect$$$$0000000D)
    .ARM.Collect$$$$0000000F                 0x08000198   Section        0  entry11a.o(.ARM.Collect$$$$0000000F)
    .ARM.Collect$$$$00002712                 0x08000198   Section        4  entry2.o(.ARM.Collect$$$$00002712)
    __lit__00000000                          0x08000198   Data           4  entry2.o(.ARM.Collect$$$$00002712)
    .text                                    0x0800019c   Section       36  startup_stm32f405xx.o(.text)
    .text                                    0x080001c0   Section        0  fadd.o(.text)
    .text                                    0x08000270   Section        0  fmul.o(.text)
    .text                                    0x080002d4   Section        0  fdiv.o(.text)
    .text                                    0x08000350   Section        0  fscalb.o(.text)
    .text                                    0x08000368   Section        0  dadd.o(.text)
    .text                                    0x080004b6   Section        0  fflti.o(.text)
    .text                                    0x080004c8   Section        0  ffixi.o(.text)
    .text                                    0x080004fa   Section        0  f2d.o(.text)
    .text                                    0x08000520   Section        0  d2f.o(.text)
    .text                                    0x08000558   Section        0  llshl.o(.text)
    .text                                    0x08000576   Section        0  llsshr.o(.text)
    .text                                    0x0800059a   Section        0  fepilogue.o(.text)
    .text                                    0x0800059a   Section        0  iusefp.o(.text)
    .text                                    0x08000608   Section        0  depilogue.o(.text)
    .text                                    0x080006c4   Section       36  init.o(.text)
    .text                                    0x080006e8   Section        0  llushr.o(.text)
    i.BusFault_Handler                       0x08000708   Section        0  stm32f4xx_it.o(i.BusFault_Handler)
    i.DMA1_Stream5_IRQHandler                0x0800070c   Section        0  stm32f4xx_it.o(i.DMA1_Stream5_IRQHandler)
    i.DMA2_Stream3_IRQHandler                0x08000718   Section        0  stm32f4xx_it.o(i.DMA2_Stream3_IRQHandler)
    i.DMA_CalcBaseAndBitshift                0x08000724   Section        0  stm32f4xx_hal_dma.o(i.DMA_CalcBaseAndBitshift)
    DMA_CalcBaseAndBitshift                  0x08000725   Thumb Code    34  stm32f4xx_hal_dma.o(i.DMA_CalcBaseAndBitshift)
    i.DMA_CheckFifoParam                     0x0800074c   Section        0  stm32f4xx_hal_dma.o(i.DMA_CheckFifoParam)
    DMA_CheckFifoParam                       0x0800074d   Thumb Code    84  stm32f4xx_hal_dma.o(i.DMA_CheckFifoParam)
    i.DMA_SetConfig                          0x080007a0   Section        0  stm32f4xx_hal_dma.o(i.DMA_SetConfig)
    DMA_SetConfig                            0x080007a1   Thumb Code    40  stm32f4xx_hal_dma.o(i.DMA_SetConfig)
    i.DebugMon_Handler                       0x080007c8   Section        0  stm32f4xx_it.o(i.DebugMon_Handler)
    i.HAL_DMA_Abort_IT                       0x080007ca   Section        0  stm32f4xx_hal_dma.o(i.HAL_DMA_Abort_IT)
    i.HAL_DMA_IRQHandler                     0x080007f0   Section        0  stm32f4xx_hal_dma.o(i.HAL_DMA_IRQHandler)
    i.HAL_DMA_Init                           0x08000998   Section        0  stm32f4xx_hal_dma.o(i.HAL_DMA_Init)
    i.HAL_DMA_Start_IT                       0x08000a6c   Section        0  stm32f4xx_hal_dma.o(i.HAL_DMA_Start_IT)
    i.HAL_GPIO_Init                          0x08000ae4   Section        0  stm32f4xx_hal_gpio.o(i.HAL_GPIO_Init)
    i.HAL_GPIO_WritePin                      0x08000c94   Section        0  stm32f4xx_hal_gpio.o(i.HAL_GPIO_WritePin)
    i.HAL_GetTick                            0x08000ca0   Section        0  stm32f4xx_hal.o(i.HAL_GetTick)
    i.HAL_IncTick                            0x08000cac   Section        0  stm32f4xx_hal.o(i.HAL_IncTick)
    i.HAL_Init                               0x08000cbc   Section        0  stm32f4xx_hal.o(i.HAL_Init)
    i.HAL_InitTick                           0x08000cf0   Section        0  stm32f4xx_hal.o(i.HAL_InitTick)
    i.HAL_MspInit                            0x08000d18   Section        0  stm32f4xx_hal_msp.o(i.HAL_MspInit)
    i.HAL_NVIC_EnableIRQ                     0x08000d70   Section        0  stm32f4xx_hal_cortex.o(i.HAL_NVIC_EnableIRQ)
    i.HAL_NVIC_SetPriority                   0x08000d88   Section        0  stm32f4xx_hal_cortex.o(i.HAL_NVIC_SetPriority)
    i.HAL_NVIC_SetPriorityGrouping           0x08000dc8   Section        0  stm32f4xx_hal_cortex.o(i.HAL_NVIC_SetPriorityGrouping)
    i.HAL_RCC_ClockConfig                    0x08000dec   Section        0  stm32f4xx_hal_rcc.o(i.HAL_RCC_ClockConfig)
    i.HAL_RCC_GetHCLKFreq                    0x08000f68   Section        0  stm32f4xx_hal_rcc.o(i.HAL_RCC_GetHCLKFreq)
    i.HAL_RCC_GetPCLK1Freq                   0x08000f74   Section        0  stm32f4xx_hal_rcc.o(i.HAL_RCC_GetPCLK1Freq)
    i.HAL_RCC_GetPCLK2Freq                   0x08000fa4   Section        0  stm32f4xx_hal_rcc.o(i.HAL_RCC_GetPCLK2Freq)
    i.HAL_RCC_GetSysClockFreq                0x08000fd4   Section        0  stm32f4xx_hal_rcc.o(i.HAL_RCC_GetSysClockFreq)
    i.HAL_RCC_OscConfig                      0x08001044   Section        0  stm32f4xx_hal_rcc.o(i.HAL_RCC_OscConfig)
    i.HAL_SD_AbortCallback                   0x08001358   Section        0  stm32f4xx_hal_sd.o(i.HAL_SD_AbortCallback)
    i.HAL_SD_ErrorCallback                   0x0800135a   Section        0  stm32f4xx_hal_sd.o(i.HAL_SD_ErrorCallback)
    i.HAL_SD_GetCardState                    0x0800135c   Section        0  stm32f4xx_hal_sd.o(i.HAL_SD_GetCardState)
    i.HAL_SD_IRQHandler                      0x08001388   Section        0  stm32f4xx_hal_sd.o(i.HAL_SD_IRQHandler)
    i.HAL_SD_RxCpltCallback                  0x08001548   Section        0  stm32f4xx_hal_sd.o(i.HAL_SD_RxCpltCallback)
    i.HAL_SD_TxCpltCallback                  0x0800154a   Section        0  stm32f4xx_hal_sd.o(i.HAL_SD_TxCpltCallback)
    i.HAL_SPI_Init                           0x0800154c   Section        0  stm32f4xx_hal_spi.o(i.HAL_SPI_Init)
    i.HAL_SPI_MspInit                        0x080015cc   Section        0  spi.o(i.HAL_SPI_MspInit)
    i.HAL_SPI_TransmitReceive                0x08001618   Section        0  stm32f4xx_hal_spi.o(i.HAL_SPI_TransmitReceive)
    i.HAL_SYSTICK_CLKSourceConfig            0x080017f0   Section        0  stm32f4xx_hal_cortex.o(i.HAL_SYSTICK_CLKSourceConfig)
    i.HAL_SYSTICK_Callback                   0x08001808   Section        0  stm32f4xx_hal_cortex.o(i.HAL_SYSTICK_Callback)
    i.HAL_SYSTICK_Config                     0x0800180a   Section        0  stm32f4xx_hal_cortex.o(i.HAL_SYSTICK_Config)
    i.HAL_SYSTICK_IRQHandler                 0x08001832   Section        0  stm32f4xx_hal_cortex.o(i.HAL_SYSTICK_IRQHandler)
    i.HAL_TIMEx_BreakCallback                0x0800183a   Section        0  stm32f4xx_hal_tim_ex.o(i.HAL_TIMEx_BreakCallback)
    i.HAL_TIMEx_CommutationCallback          0x0800183c   Section        0  stm32f4xx_hal_tim_ex.o(i.HAL_TIMEx_CommutationCallback)
    i.HAL_TIMEx_MasterConfigSynchronization  0x0800183e   Section        0  stm32f4xx_hal_tim_ex.o(i.HAL_TIMEx_MasterConfigSynchronization)
    i.HAL_TIM_Base_Init                      0x0800188e   Section        0  stm32f4xx_hal_tim.o(i.HAL_TIM_Base_Init)
    i.HAL_TIM_Base_MspInit                   0x080018c4   Section        0  tim.o(i.HAL_TIM_Base_MspInit)
    i.HAL_TIM_Base_Start_IT                  0x08001950   Section        0  stm32f4xx_hal_tim.o(i.HAL_TIM_Base_Start_IT)
    i.HAL_TIM_ConfigClockSource              0x08001968   Section        0  stm32f4xx_hal_tim.o(i.HAL_TIM_ConfigClockSource)
    i.HAL_TIM_IC_CaptureCallback             0x08001a5a   Section        0  stm32f4xx_hal_tim.o(i.HAL_TIM_IC_CaptureCallback)
    i.HAL_TIM_IRQHandler                     0x08001a5c   Section        0  stm32f4xx_hal_tim.o(i.HAL_TIM_IRQHandler)
    i.HAL_TIM_MspPostInit                    0x08001bc4   Section        0  tim.o(i.HAL_TIM_MspPostInit)
    i.HAL_TIM_OC_DelayElapsedCallback        0x08001bf8   Section        0  stm32f4xx_hal_tim.o(i.HAL_TIM_OC_DelayElapsedCallback)
    i.HAL_TIM_PWM_ConfigChannel              0x08001bfa   Section        0  stm32f4xx_hal_tim.o(i.HAL_TIM_PWM_ConfigChannel)
    i.HAL_TIM_PWM_Init                       0x08001cca   Section        0  stm32f4xx_hal_tim.o(i.HAL_TIM_PWM_Init)
    i.HAL_TIM_PWM_MspInit                    0x08001d00   Section        0  tim.o(i.HAL_TIM_PWM_MspInit)
    i.HAL_TIM_PWM_PulseFinishedCallback      0x08001d28   Section        0  stm32f4xx_hal_tim.o(i.HAL_TIM_PWM_PulseFinishedCallback)
    i.HAL_TIM_PWM_Start                      0x08001d2c   Section        0  stm32f4xx_hal_tim.o(i.HAL_TIM_PWM_Start)
    i.HAL_TIM_PeriodElapsedCallback          0x08001d64   Section        0  main.o(i.HAL_TIM_PeriodElapsedCallback)
    i.HAL_TIM_TriggerCallback                0x08001dfc   Section        0  stm32f4xx_hal_tim.o(i.HAL_TIM_TriggerCallback)
    i.HAL_UART_ErrorCallback                 0x08001dfe   Section        0  stm32f4xx_hal_uart.o(i.HAL_UART_ErrorCallback)
    i.HAL_UART_IRQHandler                    0x08001e00   Section        0  stm32f4xx_hal_uart.o(i.HAL_UART_IRQHandler)
    i.HAL_UART_Init                          0x08001f10   Section        0  stm32f4xx_hal_uart.o(i.HAL_UART_Init)
    i.HAL_UART_MspInit                       0x08001f74   Section        0  usart.o(i.HAL_UART_MspInit)
    i.HAL_UART_Receive_DMA                   0x08002054   Section        0  stm32f4xx_hal_uart.o(i.HAL_UART_Receive_DMA)
    i.HAL_UART_RxCpltCallback                0x080020ec   Section        0  main.o(i.HAL_UART_RxCpltCallback)
    i.HAL_UART_RxHalfCpltCallback            0x08002114   Section        0  stm32f4xx_hal_uart.o(i.HAL_UART_RxHalfCpltCallback)
    i.HAL_UART_TxCpltCallback                0x08002116   Section        0  stm32f4xx_hal_uart.o(i.HAL_UART_TxCpltCallback)
    i.HardFault_Handler                      0x08002118   Section        0  stm32f4xx_it.o(i.HardFault_Handler)
    i.MX_DMA_Init                            0x0800211c   Section        0  dma.o(i.MX_DMA_Init)
    i.MX_GPIO_Init                           0x08002168   Section        0  gpio.o(i.MX_GPIO_Init)
    i.MX_SDIO_SD_Init                        0x08002244   Section        0  sdio.o(i.MX_SDIO_SD_Init)
    i.MX_SPI2_Init                           0x08002264   Section        0  spi.o(i.MX_SPI2_Init)
    i.MX_TIM1_Init                           0x080022c0   Section        0  tim.o(i.MX_TIM1_Init)
    i.MX_TIM2_Init                           0x08002334   Section        0  tim.o(i.MX_TIM2_Init)
    i.MX_TIM3_Init                           0x080023a8   Section        0  tim.o(i.MX_TIM3_Init)
    i.MX_TIM4_Init                           0x0800241c   Section        0  tim.o(i.MX_TIM4_Init)
    i.MX_USART1_UART_Init                    0x080024d8   Section        0  usart.o(i.MX_USART1_UART_Init)
    i.MX_USART2_UART_Init                    0x08002524   Section        0  usart.o(i.MX_USART2_UART_Init)
    i.MemManage_Handler                      0x08002570   Section        0  stm32f4xx_it.o(i.MemManage_Handler)
    i.NMI_Handler                            0x08002572   Section        0  stm32f4xx_it.o(i.NMI_Handler)
    i.NRF24L01_CE                            0x08002574   Section        0  spi.o(i.NRF24L01_CE)
    i.NRF24L01_CSN                           0x0800258c   Section        0  spi.o(i.NRF24L01_CSN)
    i.NRF24L01_Check                         0x080025a4   Section        0  spi.o(i.NRF24L01_Check)
    i.NRF24L01_Init                          0x080025f0   Section        0  spi.o(i.NRF24L01_Init)
    i.NRF24L01_RX_Mode                       0x08002604   Section        0  spi.o(i.NRF24L01_RX_Mode)
    i.NRF24L01_Read_Buf                      0x08002654   Section        0  spi.o(i.NRF24L01_Read_Buf)
    i.NRF24L01_Read_Reg                      0x0800268c   Section        0  spi.o(i.NRF24L01_Read_Reg)
    i.NRF24L01_RxPacket                      0x080026ae   Section        0  spi.o(i.NRF24L01_RxPacket)
    i.NRF24L01_Write_Buf                     0x080026e6   Section        0  spi.o(i.NRF24L01_Write_Buf)
    i.NRF24L01_Write_Reg                     0x0800271e   Section        0  spi.o(i.NRF24L01_Write_Reg)
    i.NVIC_SetPriority                       0x08002742   Section        0  stm32f4xx_hal_cortex.o(i.NVIC_SetPriority)
    NVIC_SetPriority                         0x08002743   Thumb Code    32  stm32f4xx_hal_cortex.o(i.NVIC_SetPriority)
    i.PID_Control                            0x08002764   Section        0  pid.o(i.PID_Control)
    i.PendSV_Handler                         0x08002ac4   Section        0  stm32f4xx_it.o(i.PendSV_Handler)
    i.SDIO_GetResponse                       0x08002ac6   Section        0  stm32f4xx_ll_sdmmc.o(i.SDIO_GetResponse)
    i.SDIO_IRQHandler                        0x08002ad4   Section        0  stm32f4xx_it.o(i.SDIO_IRQHandler)
    i.SDIO_ReadFIFO                          0x08002ae0   Section        0  stm32f4xx_ll_sdmmc.o(i.SDIO_ReadFIFO)
    i.SDIO_SendCommand                       0x08002ae6   Section        0  stm32f4xx_ll_sdmmc.o(i.SDIO_SendCommand)
    i.SDIO_WriteFIFO                         0x08002b06   Section        0  stm32f4xx_ll_sdmmc.o(i.SDIO_WriteFIFO)
    i.SDMMC_CmdSendStatus                    0x08002b10   Section        0  stm32f4xx_ll_sdmmc.o(i.SDMMC_CmdSendStatus)
    i.SDMMC_CmdStopTransfer                  0x08002b44   Section        0  stm32f4xx_ll_sdmmc.o(i.SDMMC_CmdStopTransfer)
    i.SDMMC_GetCmdResp1                      0x08002b78   Section        0  stm32f4xx_ll_sdmmc.o(i.SDMMC_GetCmdResp1)
    SDMMC_GetCmdResp1                        0x08002b79   Thumb Code   276  stm32f4xx_ll_sdmmc.o(i.SDMMC_GetCmdResp1)
    i.SD_DMARxAbort                          0x08002c94   Section        0  stm32f4xx_hal_sd.o(i.SD_DMARxAbort)
    SD_DMARxAbort                            0x08002c95   Thumb Code    72  stm32f4xx_hal_sd.o(i.SD_DMARxAbort)
    i.SD_DMATxAbort                          0x08002cdc   Section        0  stm32f4xx_hal_sd.o(i.SD_DMATxAbort)
    SD_DMATxAbort                            0x08002cdd   Thumb Code    72  stm32f4xx_hal_sd.o(i.SD_DMATxAbort)
    i.SPI2_ReadWriteByte                     0x08002d24   Section        0  spi.o(i.SPI2_ReadWriteByte)
    i.SPI2_SetSpeed                          0x08002d44   Section        0  spi.o(i.SPI2_SetSpeed)
    i.SPI_CheckFlag_BSY                      0x08002d78   Section        0  stm32f4xx_hal_spi.o(i.SPI_CheckFlag_BSY)
    SPI_CheckFlag_BSY                        0x08002d79   Thumb Code    32  stm32f4xx_hal_spi.o(i.SPI_CheckFlag_BSY)
    i.SPI_WaitFlagStateUntilTimeout          0x08002d98   Section        0  stm32f4xx_hal_spi.o(i.SPI_WaitFlagStateUntilTimeout)
    SPI_WaitFlagStateUntilTimeout            0x08002d99   Thumb Code   150  stm32f4xx_hal_spi.o(i.SPI_WaitFlagStateUntilTimeout)
    i.SVC_Handler                            0x08002e2e   Section        0  stm32f4xx_it.o(i.SVC_Handler)
    i.SysTick_Handler                        0x08002e30   Section        0  stm32f4xx_it.o(i.SysTick_Handler)
    i.SystemClock_Config                     0x08002e40   Section        0  main.o(i.SystemClock_Config)
    i.SystemInit                             0x08002ee0   Section        0  system_stm32f4xx_1.o(i.SystemInit)
    i.TIM1_UP_TIM10_IRQHandler               0x08002f28   Section        0  stm32f4xx_it.o(i.TIM1_UP_TIM10_IRQHandler)
    i.TIM2_IRQHandler                        0x08002f34   Section        0  stm32f4xx_it.o(i.TIM2_IRQHandler)
    i.TIM3_IRQHandler                        0x08002f40   Section        0  stm32f4xx_it.o(i.TIM3_IRQHandler)
    i.TIM4_PWM_Open                          0x08002f4c   Section        0  tim.o(i.TIM4_PWM_Open)
    i.TIM_Base_SetConfig                     0x08002f90   Section        0  stm32f4xx_hal_tim.o(i.TIM_Base_SetConfig)
    i.TIM_CCxChannelCmd                      0x08003050   Section        0  stm32f4xx_hal_tim.o(i.TIM_CCxChannelCmd)
    i.TIM_ETR_SetConfig                      0x08003066   Section        0  stm32f4xx_hal_tim.o(i.TIM_ETR_SetConfig)
    TIM_ETR_SetConfig                        0x08003067   Thumb Code    20  stm32f4xx_hal_tim.o(i.TIM_ETR_SetConfig)
    i.TIM_ITRx_SetConfig                     0x0800307a   Section        0  stm32f4xx_hal_tim.o(i.TIM_ITRx_SetConfig)
    TIM_ITRx_SetConfig                       0x0800307b   Thumb Code    16  stm32f4xx_hal_tim.o(i.TIM_ITRx_SetConfig)
    i.TIM_OC1_SetConfig                      0x0800308c   Section        0  stm32f4xx_hal_tim.o(i.TIM_OC1_SetConfig)
    TIM_OC1_SetConfig                        0x0800308d   Thumb Code    80  stm32f4xx_hal_tim.o(i.TIM_OC1_SetConfig)
    i.TIM_OC2_SetConfig                      0x080030e4   Section        0  stm32f4xx_hal_tim.o(i.TIM_OC2_SetConfig)
    i.TIM_OC3_SetConfig                      0x08003148   Section        0  stm32f4xx_hal_tim.o(i.TIM_OC3_SetConfig)
    TIM_OC3_SetConfig                        0x08003149   Thumb Code    88  stm32f4xx_hal_tim.o(i.TIM_OC3_SetConfig)
    i.TIM_OC4_SetConfig                      0x080031a8   Section        0  stm32f4xx_hal_tim.o(i.TIM_OC4_SetConfig)
    TIM_OC4_SetConfig                        0x080031a9   Thumb Code    70  stm32f4xx_hal_tim.o(i.TIM_OC4_SetConfig)
    i.TIM_TI1_ConfigInputStage               0x080031f8   Section        0  stm32f4xx_hal_tim.o(i.TIM_TI1_ConfigInputStage)
    TIM_TI1_ConfigInputStage                 0x080031f9   Thumb Code    34  stm32f4xx_hal_tim.o(i.TIM_TI1_ConfigInputStage)
    i.TIM_TI2_ConfigInputStage               0x0800321a   Section        0  stm32f4xx_hal_tim.o(i.TIM_TI2_ConfigInputStage)
    TIM_TI2_ConfigInputStage                 0x0800321b   Thumb Code    36  stm32f4xx_hal_tim.o(i.TIM_TI2_ConfigInputStage)
    i.UART_DMAAbortOnError                   0x0800323e   Section        0  stm32f4xx_hal_uart.o(i.UART_DMAAbortOnError)
    UART_DMAAbortOnError                     0x0800323f   Thumb Code    16  stm32f4xx_hal_uart.o(i.UART_DMAAbortOnError)
    i.UART_DMAError                          0x0800324e   Section        0  stm32f4xx_hal_uart.o(i.UART_DMAError)
    UART_DMAError                            0x0800324f   Thumb Code    74  stm32f4xx_hal_uart.o(i.UART_DMAError)
    i.UART_DMAReceiveCplt                    0x08003298   Section        0  stm32f4xx_hal_uart.o(i.UART_DMAReceiveCplt)
    UART_DMAReceiveCplt                      0x08003299   Thumb Code    60  stm32f4xx_hal_uart.o(i.UART_DMAReceiveCplt)
    i.UART_DMARxHalfCplt                     0x080032d4   Section        0  stm32f4xx_hal_uart.o(i.UART_DMARxHalfCplt)
    UART_DMARxHalfCplt                       0x080032d5   Thumb Code    10  stm32f4xx_hal_uart.o(i.UART_DMARxHalfCplt)
    i.UART_EndRxTransfer                     0x080032de   Section        0  stm32f4xx_hal_uart.o(i.UART_EndRxTransfer)
    UART_EndRxTransfer                       0x080032df   Thumb Code    28  stm32f4xx_hal_uart.o(i.UART_EndRxTransfer)
    i.UART_EndTxTransfer                     0x080032fa   Section        0  stm32f4xx_hal_uart.o(i.UART_EndTxTransfer)
    UART_EndTxTransfer                       0x080032fb   Thumb Code    18  stm32f4xx_hal_uart.o(i.UART_EndTxTransfer)
    i.UART_Receive_IT                        0x0800330c   Section        0  stm32f4xx_hal_uart.o(i.UART_Receive_IT)
    UART_Receive_IT                          0x0800330d   Thumb Code   140  stm32f4xx_hal_uart.o(i.UART_Receive_IT)
    i.UART_SetConfig                         0x08003398   Section        0  stm32f4xx_hal_uart.o(i.UART_SetConfig)
    UART_SetConfig                           0x08003399   Thumb Code   676  stm32f4xx_hal_uart.o(i.UART_SetConfig)
    i.UART_Transmit_IT                       0x08003644   Section        0  stm32f4xx_hal_uart.o(i.UART_Transmit_IT)
    UART_Transmit_IT                         0x08003645   Thumb Code    98  stm32f4xx_hal_uart.o(i.UART_Transmit_IT)
    i.USART2_IRQHandler                      0x080036a8   Section        0  stm32f4xx_it.o(i.USART2_IRQHandler)
    i.UsageFault_Handler                     0x080036b4   Section        0  stm32f4xx_it.o(i.UsageFault_Handler)
    i._100ms                                 0x080036b8   Section        0  main.o(i._100ms)
    i._10ms                                  0x080036d0   Section        0  main.o(i._10ms)
    i._1ms                                   0x080036e8   Section        0  main.o(i._1ms)
    i._1s                                    0x08003700   Section        0  main.o(i._1s)
    i._50ms                                  0x08003718   Section        0  main.o(i._50ms)
    i._Error_Handler                         0x08003730   Section        0  main.o(i._Error_Handler)
    i.__scatterload_copy                     0x08003732   Section       14  handlers.o(i.__scatterload_copy)
    i.__scatterload_null                     0x08003740   Section        2  handlers.o(i.__scatterload_null)
    i.__scatterload_zeroinit                 0x08003742   Section       14  handlers.o(i.__scatterload_zeroinit)
    i.control_data_analysis                  0x08003750   Section        0  spi.o(i.control_data_analysis)
    i.copy_IMU_data                          0x08003834   Section        0  usart.o(i.copy_IMU_data)
    i.main                                   0x08003a94   Section        0  main.o(i.main)
    i.set_motor_speed                        0x08003bc8   Section        0  tim.o(i.set_motor_speed)
    .constdata                               0x08003be0   Section       16  system_stm32f4xx_1.o(.constdata)
    .constdata                               0x08003bf0   Section        8  system_stm32f4xx_1.o(.constdata)
    .constdata                               0x08003bf8   Section        8  stm32f4xx_hal_dma.o(.constdata)
    flagBitshiftOffset                       0x08003bf8   Data           8  stm32f4xx_hal_dma.o(.constdata)
    .constdata                               0x08003c00   Section       10  spi.o(.constdata)
    .data                                    0x20000000   Section        4  system_stm32f4xx_1.o(.data)
    .data                                    0x20000004   Section        4  stm32f4xx_hal.o(.data)
    .data                                    0x20000008   Section       40  usart.o(.data)
    .data                                    0x20000030   Section       10  main.o(.data)
    .data                                    0x2000003a   Section        2  main.o(.data)
    .data                                    0x2000003c   Section       68  pid.o(.data)
    .bss                                     0x20000080   Section       88  spi.o(.bss)
    .bss                                     0x200000d8   Section      228  sdio.o(.bss)
    .bss                                     0x200001bc   Section      240  tim.o(.bss)
    .bss                                     0x200002ac   Section      356  usart.o(.bss)
    .bss                                     0x20000410   Section       43  main.o(.bss)
    .bss                                     0x2000043c   Section      124  pid.o(.bss)
    STACK                                    0x200004b8   Section     1024  startup_stm32f405xx.o(STACK)

    Global Symbols

    Symbol Name                              Value     Ov Type        Size  Object(Section)

    BuildAttributes$$THM_ISAv4$E$P$D$K$B$S$7EM$PE$A:L22UL41UL21$X:L11$S22US41US21$IEEE1$IW$USESV6$~STKCKD$USESV7$~SHL$OTIME$ROPI$EBA8$MICROLIB$REQ8$PRES8$EABIv2 0x00000000   Number         0  anon$$obj.o ABSOLUTE
    __ARM_use_no_argv                        0x00000000   Number         0  main.o ABSOLUTE
    __cpp_initialize__aeabi_                  - Undefined Weak Reference
    __cxa_finalize                            - Undefined Weak Reference
    __decompress                              - Undefined Weak Reference
    _clock_init                               - Undefined Weak Reference
    _microlib_exit                            - Undefined Weak Reference
    __Vectors_Size                           0x00000188   Number         0  startup_stm32f405xx.o ABSOLUTE
    __Vectors                                0x08000000   Data           4  startup_stm32f405xx.o(RESET)
    __Vectors_End                            0x08000188   Data           0  startup_stm32f405xx.o(RESET)
    __main                                   0x08000189   Thumb Code     0  entry.o(.ARM.Collect$$$$00000000)
    _main_stk                                0x08000189   Thumb Code     0  entry2.o(.ARM.Collect$$$$00000001)
    _main_scatterload                        0x0800018d   Thumb Code     0  entry5.o(.ARM.Collect$$$$00000004)
    __main_after_scatterload                 0x08000191   Thumb Code     0  entry5.o(.ARM.Collect$$$$00000004)
    _main_clock                              0x08000191   Thumb Code     0  entry7b.o(.ARM.Collect$$$$00000008)
    _main_cpp_init                           0x08000191   Thumb Code     0  entry8b.o(.ARM.Collect$$$$0000000A)
    _main_init                               0x08000191   Thumb Code     0  entry9a.o(.ARM.Collect$$$$0000000B)
    __rt_final_cpp                           0x08000199   Thumb Code     0  entry10a.o(.ARM.Collect$$$$0000000D)
    __rt_final_exit                          0x08000199   Thumb Code     0  entry11a.o(.ARM.Collect$$$$0000000F)
    Reset_Handler                            0x0800019d   Thumb Code     8  startup_stm32f405xx.o(.text)
    ADC_IRQHandler                           0x080001b7   Thumb Code     0  startup_stm32f405xx.o(.text)
    CAN1_RX0_IRQHandler                      0x080001b7   Thumb Code     0  startup_stm32f405xx.o(.text)
    CAN1_RX1_IRQHandler                      0x080001b7   Thumb Code     0  startup_stm32f405xx.o(.text)
    CAN1_SCE_IRQHandler                      0x080001b7   Thumb Code     0  startup_stm32f405xx.o(.text)
    CAN1_TX_IRQHandler                       0x080001b7   Thumb Code     0  startup_stm32f405xx.o(.text)
    CAN2_RX0_IRQHandler                      0x080001b7   Thumb Code     0  startup_stm32f405xx.o(.text)
    CAN2_RX1_IRQHandler                      0x080001b7   Thumb Code     0  startup_stm32f405xx.o(.text)
    CAN2_SCE_IRQHandler                      0x080001b7   Thumb Code     0  startup_stm32f405xx.o(.text)
    CAN2_TX_IRQHandler                       0x080001b7   Thumb Code     0  startup_stm32f405xx.o(.text)
    DMA1_Stream0_IRQHandler                  0x080001b7   Thumb Code     0  startup_stm32f405xx.o(.text)
    DMA1_Stream1_IRQHandler                  0x080001b7   Thumb Code     0  startup_stm32f405xx.o(.text)
    DMA1_Stream2_IRQHandler                  0x080001b7   Thumb Code     0  startup_stm32f405xx.o(.text)
    DMA1_Stream3_IRQHandler                  0x080001b7   Thumb Code     0  startup_stm32f405xx.o(.text)
    DMA1_Stream4_IRQHandler                  0x080001b7   Thumb Code     0  startup_stm32f405xx.o(.text)
    DMA1_Stream6_IRQHandler                  0x080001b7   Thumb Code     0  startup_stm32f405xx.o(.text)
    DMA1_Stream7_IRQHandler                  0x080001b7   Thumb Code     0  startup_stm32f405xx.o(.text)
    DMA2_Stream0_IRQHandler                  0x080001b7   Thumb Code     0  startup_stm32f405xx.o(.text)
    DMA2_Stream1_IRQHandler                  0x080001b7   Thumb Code     0  startup_stm32f405xx.o(.text)
    DMA2_Stream2_IRQHandler                  0x080001b7   Thumb Code     0  startup_stm32f405xx.o(.text)
    DMA2_Stream4_IRQHandler                  0x080001b7   Thumb Code     0  startup_stm32f405xx.o(.text)
    DMA2_Stream5_IRQHandler                  0x080001b7   Thumb Code     0  startup_stm32f405xx.o(.text)
    DMA2_Stream6_IRQHandler                  0x080001b7   Thumb Code     0  startup_stm32f405xx.o(.text)
    DMA2_Stream7_IRQHandler                  0x080001b7   Thumb Code     0  startup_stm32f405xx.o(.text)
    EXTI0_IRQHandler                         0x080001b7   Thumb Code     0  startup_stm32f405xx.o(.text)
    EXTI15_10_IRQHandler                     0x080001b7   Thumb Code     0  startup_stm32f405xx.o(.text)
    EXTI1_IRQHandler                         0x080001b7   Thumb Code     0  startup_stm32f405xx.o(.text)
    EXTI2_IRQHandler                         0x080001b7   Thumb Code     0  startup_stm32f405xx.o(.text)
    EXTI3_IRQHandler                         0x080001b7   Thumb Code     0  startup_stm32f405xx.o(.text)
    EXTI4_IRQHandler                         0x080001b7   Thumb Code     0  startup_stm32f405xx.o(.text)
    EXTI9_5_IRQHandler                       0x080001b7   Thumb Code     0  startup_stm32f405xx.o(.text)
    FLASH_IRQHandler                         0x080001b7   Thumb Code     0  startup_stm32f405xx.o(.text)
    FMC_IRQHandler                           0x080001b7   Thumb Code     0  startup_stm32f405xx.o(.text)
    FPU_IRQHandler                           0x080001b7   Thumb Code     0  startup_stm32f405xx.o(.text)
    HASH_RNG_IRQHandler                      0x080001b7   Thumb Code     0  startup_stm32f405xx.o(.text)
    I2C1_ER_IRQHandler                       0x080001b7   Thumb Code     0  startup_stm32f405xx.o(.text)
    I2C1_EV_IRQHandler                       0x080001b7   Thumb Code     0  startup_stm32f405xx.o(.text)
    I2C2_ER_IRQHandler                       0x080001b7   Thumb Code     0  startup_stm32f405xx.o(.text)
    I2C2_EV_IRQHandler                       0x080001b7   Thumb Code     0  startup_stm32f405xx.o(.text)
    I2C3_ER_IRQHandler                       0x080001b7   Thumb Code     0  startup_stm32f405xx.o(.text)
    I2C3_EV_IRQHandler                       0x080001b7   Thumb Code     0  startup_stm32f405xx.o(.text)
    OTG_FS_IRQHandler                        0x080001b7   Thumb Code     0  startup_stm32f405xx.o(.text)
    OTG_FS_WKUP_IRQHandler                   0x080001b7   Thumb Code     0  startup_stm32f405xx.o(.text)
    OTG_HS_EP1_IN_IRQHandler                 0x080001b7   Thumb Code     0  startup_stm32f405xx.o(.text)
    OTG_HS_EP1_OUT_IRQHandler                0x080001b7   Thumb Code     0  startup_stm32f405xx.o(.text)
    OTG_HS_IRQHandler                        0x080001b7   Thumb Code     0  startup_stm32f405xx.o(.text)
    OTG_HS_WKUP_IRQHandler                   0x080001b7   Thumb Code     0  startup_stm32f405xx.o(.text)
    PVD_IRQHandler                           0x080001b7   Thumb Code     0  startup_stm32f405xx.o(.text)
    RCC_IRQHandler                           0x080001b7   Thumb Code     0  startup_stm32f405xx.o(.text)
    RTC_Alarm_IRQHandler                     0x080001b7   Thumb Code     0  startup_stm32f405xx.o(.text)
    RTC_WKUP_IRQHandler                      0x080001b7   Thumb Code     0  startup_stm32f405xx.o(.text)
    SPI1_IRQHandler                          0x080001b7   Thumb Code     0  startup_stm32f405xx.o(.text)
    SPI2_IRQHandler                          0x080001b7   Thumb Code     0  startup_stm32f405xx.o(.text)
    SPI3_IRQHandler                          0x080001b7   Thumb Code     0  startup_stm32f405xx.o(.text)
    TAMP_STAMP_IRQHandler                    0x080001b7   Thumb Code     0  startup_stm32f405xx.o(.text)
    TIM1_BRK_TIM9_IRQHandler                 0x080001b7   Thumb Code     0  startup_stm32f405xx.o(.text)
    TIM1_CC_IRQHandler                       0x080001b7   Thumb Code     0  startup_stm32f405xx.o(.text)
    TIM1_TRG_COM_TIM11_IRQHandler            0x080001b7   Thumb Code     0  startup_stm32f405xx.o(.text)
    TIM4_IRQHandler                          0x080001b7   Thumb Code     0  startup_stm32f405xx.o(.text)
    TIM5_IRQHandler                          0x080001b7   Thumb Code     0  startup_stm32f405xx.o(.text)
    TIM6_DAC_IRQHandler                      0x080001b7   Thumb Code     0  startup_stm32f405xx.o(.text)
    TIM7_IRQHandler                          0x080001b7   Thumb Code     0  startup_stm32f405xx.o(.text)
    TIM8_BRK_TIM12_IRQHandler                0x080001b7   Thumb Code     0  startup_stm32f405xx.o(.text)
    TIM8_CC_IRQHandler                       0x080001b7   Thumb Code     0  startup_stm32f405xx.o(.text)
    TIM8_TRG_COM_TIM14_IRQHandler            0x080001b7   Thumb Code     0  startup_stm32f405xx.o(.text)
    TIM8_UP_TIM13_IRQHandler                 0x080001b7   Thumb Code     0  startup_stm32f405xx.o(.text)
    UART4_IRQHandler                         0x080001b7   Thumb Code     0  startup_stm32f405xx.o(.text)
    UART5_IRQHandler                         0x080001b7   Thumb Code     0  startup_stm32f405xx.o(.text)
    USART1_IRQHandler                        0x080001b7   Thumb Code     0  startup_stm32f405xx.o(.text)
    USART3_IRQHandler                        0x080001b7   Thumb Code     0  startup_stm32f405xx.o(.text)
    USART6_IRQHandler                        0x080001b7   Thumb Code     0  startup_stm32f405xx.o(.text)
    WWDG_IRQHandler                          0x080001b7   Thumb Code     0  startup_stm32f405xx.o(.text)
    __aeabi_fadd                             0x080001c1   Thumb Code   164  fadd.o(.text)
    __aeabi_fsub                             0x08000265   Thumb Code     6  fadd.o(.text)
    __aeabi_frsub                            0x0800026b   Thumb Code     6  fadd.o(.text)
    __aeabi_fmul                             0x08000271   Thumb Code   100  fmul.o(.text)
    __aeabi_fdiv                             0x080002d5   Thumb Code   124  fdiv.o(.text)
    __ARM_scalbnf                            0x08000351   Thumb Code    24  fscalb.o(.text)
    scalbnf                                  0x08000351   Thumb Code     0  fscalb.o(.text)
    __aeabi_dadd                             0x08000369   Thumb Code   322  dadd.o(.text)
    __aeabi_dsub                             0x080004ab   Thumb Code     6  dadd.o(.text)
    __aeabi_drsub                            0x080004b1   Thumb Code     6  dadd.o(.text)
    __aeabi_i2f                              0x080004b7   Thumb Code    18  fflti.o(.text)
    __aeabi_f2iz                             0x080004c9   Thumb Code    50  ffixi.o(.text)
    __aeabi_f2d                              0x080004fb   Thumb Code    38  f2d.o(.text)
    __aeabi_d2f                              0x08000521   Thumb Code    56  d2f.o(.text)
    __aeabi_llsl                             0x08000559   Thumb Code    30  llshl.o(.text)
    _ll_shift_l                              0x08000559   Thumb Code     0  llshl.o(.text)
    __aeabi_lasr                             0x08000577   Thumb Code    36  llsshr.o(.text)
    _ll_sshift_r                             0x08000577   Thumb Code     0  llsshr.o(.text)
    __I$use$fp                               0x0800059b   Thumb Code     0  iusefp.o(.text)
    _float_round                             0x0800059b   Thumb Code    18  fepilogue.o(.text)
    _float_epilogue                          0x080005ad   Thumb Code    92  fepilogue.o(.text)
    _double_round                            0x08000609   Thumb Code    30  depilogue.o(.text)
    _double_epilogue                         0x08000627   Thumb Code   156  depilogue.o(.text)
    __scatterload                            0x080006c5   Thumb Code    28  init.o(.text)
    __scatterload_rt2                        0x080006c5   Thumb Code     0  init.o(.text)
    __aeabi_llsr                             0x080006e9   Thumb Code    32  llushr.o(.text)
    _ll_ushift_r                             0x080006e9   Thumb Code     0  llushr.o(.text)
    BusFault_Handler                         0x08000709   Thumb Code     2  stm32f4xx_it.o(i.BusFault_Handler)
    DMA1_Stream5_IRQHandler                  0x0800070d   Thumb Code     6  stm32f4xx_it.o(i.DMA1_Stream5_IRQHandler)
    DMA2_Stream3_IRQHandler                  0x08000719   Thumb Code     6  stm32f4xx_it.o(i.DMA2_Stream3_IRQHandler)
    DebugMon_Handler                         0x080007c9   Thumb Code     2  stm32f4xx_it.o(i.DebugMon_Handler)
    HAL_DMA_Abort_IT                         0x080007cb   Thumb Code    36  stm32f4xx_hal_dma.o(i.HAL_DMA_Abort_IT)
    HAL_DMA_IRQHandler                       0x080007f1   Thumb Code   414  stm32f4xx_hal_dma.o(i.HAL_DMA_IRQHandler)
    HAL_DMA_Init                             0x08000999   Thumb Code   206  stm32f4xx_hal_dma.o(i.HAL_DMA_Init)
    HAL_DMA_Start_IT                         0x08000a6d   Thumb Code   120  stm32f4xx_hal_dma.o(i.HAL_DMA_Start_IT)
    HAL_GPIO_Init                            0x08000ae5   Thumb Code   388  stm32f4xx_hal_gpio.o(i.HAL_GPIO_Init)
    HAL_GPIO_WritePin                        0x08000c95   Thumb Code    10  stm32f4xx_hal_gpio.o(i.HAL_GPIO_WritePin)
    HAL_GetTick                              0x08000ca1   Thumb Code     6  stm32f4xx_hal.o(i.HAL_GetTick)
    HAL_IncTick                              0x08000cad   Thumb Code    10  stm32f4xx_hal.o(i.HAL_IncTick)
    HAL_Init                                 0x08000cbd   Thumb Code    48  stm32f4xx_hal.o(i.HAL_Init)
    HAL_InitTick                             0x08000cf1   Thumb Code    34  stm32f4xx_hal.o(i.HAL_InitTick)
    HAL_MspInit                              0x08000d19   Thumb Code    88  stm32f4xx_hal_msp.o(i.HAL_MspInit)
    HAL_NVIC_EnableIRQ                       0x08000d71   Thumb Code    22  stm32f4xx_hal_cortex.o(i.HAL_NVIC_EnableIRQ)
    HAL_NVIC_SetPriority                     0x08000d89   Thumb Code    60  stm32f4xx_hal_cortex.o(i.HAL_NVIC_SetPriority)
    HAL_NVIC_SetPriorityGrouping             0x08000dc9   Thumb Code    26  stm32f4xx_hal_cortex.o(i.HAL_NVIC_SetPriorityGrouping)
    HAL_RCC_ClockConfig                      0x08000ded   Thumb Code   364  stm32f4xx_hal_rcc.o(i.HAL_RCC_ClockConfig)
    HAL_RCC_GetHCLKFreq                      0x08000f69   Thumb Code     6  stm32f4xx_hal_rcc.o(i.HAL_RCC_GetHCLKFreq)
    HAL_RCC_GetPCLK1Freq                     0x08000f75   Thumb Code    34  stm32f4xx_hal_rcc.o(i.HAL_RCC_GetPCLK1Freq)
    HAL_RCC_GetPCLK2Freq                     0x08000fa5   Thumb Code    34  stm32f4xx_hal_rcc.o(i.HAL_RCC_GetPCLK2Freq)
    HAL_RCC_GetSysClockFreq                  0x08000fd5   Thumb Code   104  stm32f4xx_hal_rcc.o(i.HAL_RCC_GetSysClockFreq)
    HAL_RCC_OscConfig                        0x08001045   Thumb Code   770  stm32f4xx_hal_rcc.o(i.HAL_RCC_OscConfig)
    HAL_SD_AbortCallback                     0x08001359   Thumb Code     2  stm32f4xx_hal_sd.o(i.HAL_SD_AbortCallback)
    HAL_SD_ErrorCallback                     0x0800135b   Thumb Code     2  stm32f4xx_hal_sd.o(i.HAL_SD_ErrorCallback)
    HAL_SD_GetCardState                      0x0800135d   Thumb Code    44  stm32f4xx_hal_sd.o(i.HAL_SD_GetCardState)
    HAL_SD_IRQHandler                        0x08001389   Thumb Code   438  stm32f4xx_hal_sd.o(i.HAL_SD_IRQHandler)
    HAL_SD_RxCpltCallback                    0x08001549   Thumb Code     2  stm32f4xx_hal_sd.o(i.HAL_SD_RxCpltCallback)
    HAL_SD_TxCpltCallback                    0x0800154b   Thumb Code     2  stm32f4xx_hal_sd.o(i.HAL_SD_TxCpltCallback)
    HAL_SPI_Init                             0x0800154d   Thumb Code   128  stm32f4xx_hal_spi.o(i.HAL_SPI_Init)
    HAL_SPI_MspInit                          0x080015cd   Thumb Code    64  spi.o(i.HAL_SPI_MspInit)
    HAL_SPI_TransmitReceive                  0x08001619   Thumb Code   472  stm32f4xx_hal_spi.o(i.HAL_SPI_TransmitReceive)
    HAL_SYSTICK_CLKSourceConfig              0x080017f1   Thumb Code    24  stm32f4xx_hal_cortex.o(i.HAL_SYSTICK_CLKSourceConfig)
    HAL_SYSTICK_Callback                     0x08001809   Thumb Code     2  stm32f4xx_hal_cortex.o(i.HAL_SYSTICK_Callback)
    HAL_SYSTICK_Config                       0x0800180b   Thumb Code    40  stm32f4xx_hal_cortex.o(i.HAL_SYSTICK_Config)
    HAL_SYSTICK_IRQHandler                   0x08001833   Thumb Code     8  stm32f4xx_hal_cortex.o(i.HAL_SYSTICK_IRQHandler)
    HAL_TIMEx_BreakCallback                  0x0800183b   Thumb Code     2  stm32f4xx_hal_tim_ex.o(i.HAL_TIMEx_BreakCallback)
    HAL_TIMEx_CommutationCallback            0x0800183d   Thumb Code     2  stm32f4xx_hal_tim_ex.o(i.HAL_TIMEx_CommutationCallback)
    HAL_TIMEx_MasterConfigSynchronization    0x0800183f   Thumb Code    80  stm32f4xx_hal_tim_ex.o(i.HAL_TIMEx_MasterConfigSynchronization)
    HAL_TIM_Base_Init                        0x0800188f   Thumb Code    54  stm32f4xx_hal_tim.o(i.HAL_TIM_Base_Init)
    HAL_TIM_Base_MspInit                     0x080018c5   Thumb Code   126  tim.o(i.HAL_TIM_Base_MspInit)
    HAL_TIM_Base_Start_IT                    0x08001951   Thumb Code    24  stm32f4xx_hal_tim.o(i.HAL_TIM_Base_Start_IT)
    HAL_TIM_ConfigClockSource                0x08001969   Thumb Code   242  stm32f4xx_hal_tim.o(i.HAL_TIM_ConfigClockSource)
    HAL_TIM_IC_CaptureCallback               0x08001a5b   Thumb Code     2  stm32f4xx_hal_tim.o(i.HAL_TIM_IC_CaptureCallback)
    HAL_TIM_IRQHandler                       0x08001a5d   Thumb Code   358  stm32f4xx_hal_tim.o(i.HAL_TIM_IRQHandler)
    HAL_TIM_MspPostInit                      0x08001bc5   Thumb Code    42  tim.o(i.HAL_TIM_MspPostInit)
    HAL_TIM_OC_DelayElapsedCallback          0x08001bf9   Thumb Code     2  stm32f4xx_hal_tim.o(i.HAL_TIM_OC_DelayElapsedCallback)
    HAL_TIM_PWM_ConfigChannel                0x08001bfb   Thumb Code   208  stm32f4xx_hal_tim.o(i.HAL_TIM_PWM_ConfigChannel)
    HAL_TIM_PWM_Init                         0x08001ccb   Thumb Code    54  stm32f4xx_hal_tim.o(i.HAL_TIM_PWM_Init)
    HAL_TIM_PWM_MspInit                      0x08001d01   Thumb Code    30  tim.o(i.HAL_TIM_PWM_MspInit)
    HAL_TIM_PWM_PulseFinishedCallback        0x08001d29   Thumb Code     2  stm32f4xx_hal_tim.o(i.HAL_TIM_PWM_PulseFinishedCallback)
    HAL_TIM_PWM_Start                        0x08001d2d   Thumb Code    48  stm32f4xx_hal_tim.o(i.HAL_TIM_PWM_Start)
    HAL_TIM_PeriodElapsedCallback            0x08001d65   Thumb Code   136  main.o(i.HAL_TIM_PeriodElapsedCallback)
    HAL_TIM_TriggerCallback                  0x08001dfd   Thumb Code     2  stm32f4xx_hal_tim.o(i.HAL_TIM_TriggerCallback)
    HAL_UART_ErrorCallback                   0x08001dff   Thumb Code     2  stm32f4xx_hal_uart.o(i.HAL_UART_ErrorCallback)
    HAL_UART_IRQHandler                      0x08001e01   Thumb Code   266  stm32f4xx_hal_uart.o(i.HAL_UART_IRQHandler)
    HAL_UART_Init                            0x08001f11   Thumb Code    98  stm32f4xx_hal_uart.o(i.HAL_UART_Init)
    HAL_UART_MspInit                         0x08001f75   Thumb Code   182  usart.o(i.HAL_UART_MspInit)
    HAL_UART_Receive_DMA                     0x08002055   Thumb Code   138  stm32f4xx_hal_uart.o(i.HAL_UART_Receive_DMA)
    HAL_UART_RxCpltCallback                  0x080020ed   Thumb Code    30  main.o(i.HAL_UART_RxCpltCallback)
    HAL_UART_RxHalfCpltCallback              0x08002115   Thumb Code     2  stm32f4xx_hal_uart.o(i.HAL_UART_RxHalfCpltCallback)
    HAL_UART_TxCpltCallback                  0x08002117   Thumb Code     2  stm32f4xx_hal_uart.o(i.HAL_UART_TxCpltCallback)
    HardFault_Handler                        0x08002119   Thumb Code     2  stm32f4xx_it.o(i.HardFault_Handler)
    MX_DMA_Init                              0x0800211d   Thumb Code    72  dma.o(i.MX_DMA_Init)
    MX_GPIO_Init                             0x08002169   Thumb Code   204  gpio.o(i.MX_GPIO_Init)
    MX_SDIO_SD_Init                          0x08002245   Thumb Code    24  sdio.o(i.MX_SDIO_SD_Init)
    MX_SPI2_Init                             0x08002265   Thumb Code    66  spi.o(i.MX_SPI2_Init)
    MX_TIM1_Init                             0x080022c1   Thumb Code    92  tim.o(i.MX_TIM1_Init)
    MX_TIM2_Init                             0x08002335   Thumb Code    94  tim.o(i.MX_TIM2_Init)
    MX_TIM3_Init                             0x080023a9   Thumb Code    92  tim.o(i.MX_TIM3_Init)
    MX_TIM4_Init                             0x0800241d   Thumb Code   162  tim.o(i.MX_TIM4_Init)
    MX_USART1_UART_Init                      0x080024d9   Thumb Code    52  usart.o(i.MX_USART1_UART_Init)
    MX_USART2_UART_Init                      0x08002525   Thumb Code    52  usart.o(i.MX_USART2_UART_Init)
    MemManage_Handler                        0x08002571   Thumb Code     2  stm32f4xx_it.o(i.MemManage_Handler)
    NMI_Handler                              0x08002573   Thumb Code     2  stm32f4xx_it.o(i.NMI_Handler)
    NRF24L01_CE                              0x08002575   Thumb Code    18  spi.o(i.NRF24L01_CE)
    NRF24L01_CSN                             0x0800258d   Thumb Code    18  spi.o(i.NRF24L01_CSN)
    NRF24L01_Check                           0x080025a5   Thumb Code    68  spi.o(i.NRF24L01_Check)
    NRF24L01_Init                            0x080025f1   Thumb Code    18  spi.o(i.NRF24L01_Init)
    NRF24L01_RX_Mode                         0x08002605   Thumb Code    76  spi.o(i.NRF24L01_RX_Mode)
    NRF24L01_Read_Buf                        0x08002655   Thumb Code    56  spi.o(i.NRF24L01_Read_Buf)
    NRF24L01_Read_Reg                        0x0800268d   Thumb Code    34  spi.o(i.NRF24L01_Read_Reg)
    NRF24L01_RxPacket                        0x080026af   Thumb Code    56  spi.o(i.NRF24L01_RxPacket)
    NRF24L01_Write_Buf                       0x080026e7   Thumb Code    56  spi.o(i.NRF24L01_Write_Buf)
    NRF24L01_Write_Reg                       0x0800271f   Thumb Code    36  spi.o(i.NRF24L01_Write_Reg)
    PID_Control                              0x08002765   Thumb Code   816  pid.o(i.PID_Control)
    PendSV_Handler                           0x08002ac5   Thumb Code     2  stm32f4xx_it.o(i.PendSV_Handler)
    SDIO_GetResponse                         0x08002ac7   Thumb Code    12  stm32f4xx_ll_sdmmc.o(i.SDIO_GetResponse)
    SDIO_IRQHandler                          0x08002ad5   Thumb Code     6  stm32f4xx_it.o(i.SDIO_IRQHandler)
    SDIO_ReadFIFO                            0x08002ae1   Thumb Code     6  stm32f4xx_ll_sdmmc.o(i.SDIO_ReadFIFO)
    SDIO_SendCommand                         0x08002ae7   Thumb Code    32  stm32f4xx_ll_sdmmc.o(i.SDIO_SendCommand)
    SDIO_WriteFIFO                           0x08002b07   Thumb Code    10  stm32f4xx_ll_sdmmc.o(i.SDIO_WriteFIFO)
    SDMMC_CmdSendStatus                      0x08002b11   Thumb Code    50  stm32f4xx_ll_sdmmc.o(i.SDMMC_CmdSendStatus)
    SDMMC_CmdStopTransfer                    0x08002b45   Thumb Code    46  stm32f4xx_ll_sdmmc.o(i.SDMMC_CmdStopTransfer)
    SPI2_ReadWriteByte                       0x08002d25   Thumb Code    28  spi.o(i.SPI2_ReadWriteByte)
    SPI2_SetSpeed                            0x08002d45   Thumb Code    46  spi.o(i.SPI2_SetSpeed)
    SVC_Handler                              0x08002e2f   Thumb Code     2  stm32f4xx_it.o(i.SVC_Handler)
    SysTick_Handler                          0x08002e31   Thumb Code    14  stm32f4xx_it.o(i.SysTick_Handler)
    SystemClock_Config                       0x08002e41   Thumb Code   150  main.o(i.SystemClock_Config)
    SystemInit                               0x08002ee1   Thumb Code    54  system_stm32f4xx_1.o(i.SystemInit)
    TIM1_UP_TIM10_IRQHandler                 0x08002f29   Thumb Code     6  stm32f4xx_it.o(i.TIM1_UP_TIM10_IRQHandler)
    TIM2_IRQHandler                          0x08002f35   Thumb Code     6  stm32f4xx_it.o(i.TIM2_IRQHandler)
    TIM3_IRQHandler                          0x08002f41   Thumb Code     6  stm32f4xx_it.o(i.TIM3_IRQHandler)
    TIM4_PWM_Open                            0x08002f4d   Thumb Code    60  tim.o(i.TIM4_PWM_Open)
    TIM_Base_SetConfig                       0x08002f91   Thumb Code   148  stm32f4xx_hal_tim.o(i.TIM_Base_SetConfig)
    TIM_CCxChannelCmd                        0x08003051   Thumb Code    22  stm32f4xx_hal_tim.o(i.TIM_CCxChannelCmd)
    TIM_OC2_SetConfig                        0x080030e5   Thumb Code    90  stm32f4xx_hal_tim.o(i.TIM_OC2_SetConfig)
    USART2_IRQHandler                        0x080036a9   Thumb Code     6  stm32f4xx_it.o(i.USART2_IRQHandler)
    UsageFault_Handler                       0x080036b5   Thumb Code     2  stm32f4xx_it.o(i.UsageFault_Handler)
    _100ms                                   0x080036b9   Thumb Code    18  main.o(i._100ms)
    _10ms                                    0x080036d1   Thumb Code    18  main.o(i._10ms)
    _1ms                                     0x080036e9   Thumb Code    18  main.o(i._1ms)
    _1s                                      0x08003701   Thumb Code    18  main.o(i._1s)
    _50ms                                    0x08003719   Thumb Code    18  main.o(i._50ms)
    _Error_Handler                           0x08003731   Thumb Code     2  main.o(i._Error_Handler)
    __scatterload_copy                       0x08003733   Thumb Code    14  handlers.o(i.__scatterload_copy)
    __scatterload_null                       0x08003741   Thumb Code     2  handlers.o(i.__scatterload_null)
    __scatterload_zeroinit                   0x08003743   Thumb Code    14  handlers.o(i.__scatterload_zeroinit)
    control_data_analysis                    0x08003751   Thumb Code   202  spi.o(i.control_data_analysis)
    copy_IMU_data                            0x08003835   Thumb Code   572  usart.o(i.copy_IMU_data)
    main                                     0x08003a95   Thumb Code   258  main.o(i.main)
    set_motor_speed                          0x08003bc9   Thumb Code    20  tim.o(i.set_motor_speed)
    AHBPrescTable                            0x08003be0   Data          16  system_stm32f4xx_1.o(.constdata)
    APBPrescTable                            0x08003bf0   Data           8  system_stm32f4xx_1.o(.constdata)
    TX_ADDRESS                               0x08003c00   Data           5  spi.o(.constdata)
    RX_ADDRESS                               0x08003c05   Data           5  spi.o(.constdata)
    Region$$Table$$Base                      0x08003c0c   Number         0  anon$$obj.o(Region$$Table)
    Region$$Table$$Limit                     0x08003c2c   Number         0  anon$$obj.o(Region$$Table)
    SystemCoreClock                          0x20000000   Data           4  system_stm32f4xx_1.o(.data)
    uwTick                                   0x20000004   Data           4  stm32f4xx_hal.o(.data)
    i                                        0x20000008   Data           1  usart.o(.data)
    x_i                                      0x20000009   Data           1  usart.o(.data)
    y_i                                      0x2000000a   Data           1  usart.o(.data)
    xf_full                                  0x2000000b   Data           1  usart.o(.data)
    yf_full                                  0x2000000c   Data           1  usart.o(.data)
    xfilter_flag                             0x2000000d   Data           1  usart.o(.data)
    yfilter_flag                             0x2000000e   Data           1  usart.o(.data)
    accx                                     0x20000010   Data           2  usart.o(.data)
    accy                                     0x20000012   Data           2  usart.o(.data)
    accz                                     0x20000014   Data           2  usart.o(.data)
    gyrx                                     0x20000016   Data           2  usart.o(.data)
    gyry                                     0x20000018   Data           2  usart.o(.data)
    gyrz                                     0x2000001a   Data           2  usart.o(.data)
    angr                                     0x2000001c   Data           2  usart.o(.data)
    angp                                     0x2000001e   Data           2  usart.o(.data)
    angy                                     0x20000020   Data           2  usart.o(.data)
    f_sum                                    0x20000024   Data           4  usart.o(.data)
    filter_acc_x                             0x20000028   Data           4  usart.o(.data)
    filter_acc_y                             0x2000002c   Data           4  usart.o(.data)
    flag_1ms                                 0x20000030   Data           1  main.o(.data)
    flag_10ms                                0x20000031   Data           1  main.o(.data)
    flag_50ms                                0x20000032   Data           1  main.o(.data)
    flag_100ms                               0x20000033   Data           1  main.o(.data)
    flag_1s                                  0x20000034   Data           1  main.o(.data)
    LOCK                                     0x20000035   Data           1  main.o(.data)
    tim2_base                                0x20000036   Data           2  main.o(.data)
    _1ms_count                               0x20000038   Data           2  main.o(.data)
    control_speed                            0x2000003a   Data           2  main.o(.data)
    pidSwitch                                0x2000003c   Data           1  pid.o(.data)
    fx_use                                   0x2000003d   Data           1  pid.o(.data)
    fy_use                                   0x2000003e   Data           1  pid.o(.data)
    speed1                                   0x20000040   Data           2  pid.o(.data)
    speed2                                   0x20000042   Data           2  pid.o(.data)
    speed3                                   0x20000044   Data           2  pid.o(.data)
    speed4                                   0x20000046   Data           2  pid.o(.data)
    filter_acc_x_e                           0x20000048   Data           4  pid.o(.data)
    filter_acc_y_e                           0x2000004c   Data           4  pid.o(.data)
    old_filter_acc_x_e                       0x20000050   Data           4  pid.o(.data)
    old_filter_acc_y_e                       0x20000054   Data           4  pid.o(.data)
    shell_p_out                              0x20000058   Data           4  pid.o(.data)
    shell_i_out                              0x2000005c   Data           4  pid.o(.data)
    shell_d_out                              0x20000060   Data           4  pid.o(.data)
    shell_out                                0x20000064   Data           4  pid.o(.data)
    core_p_out                               0x20000068   Data           4  pid.o(.data)
    core_i_out                               0x2000006c   Data           4  pid.o(.data)
    core_d_out                               0x20000070   Data           4  pid.o(.data)
    pitch_out                                0x20000074   Data           4  pid.o(.data)
    row_out                                  0x20000078   Data           4  pid.o(.data)
    yaw_out                                  0x2000007c   Data           4  pid.o(.data)
    hspi2                                    0x20000080   Data          88  spi.o(.bss)
    hsd                                      0x200000d8   Data         132  sdio.o(.bss)
    hdma_sdio                                0x2000015c   Data          96  sdio.o(.bss)
    htim1                                    0x200001bc   Data          60  tim.o(.bss)
    htim2                                    0x200001f8   Data          60  tim.o(.bss)
    htim3                                    0x20000234   Data          60  tim.o(.bss)
    htim4                                    0x20000270   Data          60  tim.o(.bss)
    sensor_value                             0x200002ac   Data          36  usart.o(.bss)
    huart1                                   0x200002d0   Data          64  usart.o(.bss)
    huart2                                   0x20000310   Data          64  usart.o(.bss)
    hdma_usart2_rx                           0x20000350   Data          96  usart.o(.bss)
    accx_list                                0x200003b0   Data          48  usart.o(.bss)
    accy_list                                0x200003e0   Data          48  usart.o(.bss)
    sensor_data                              0x20000410   Data          11  main.o(.bss)
    control_data                             0x2000041b   Data          32  main.o(.bss)
    pid_value                                0x2000043c   Data          40  pid.o(.bss)
    pitch_runvalue                           0x20000464   Data          28  pid.o(.bss)
    row_runvalue                             0x20000480   Data          28  pid.o(.bss)
    yaw_runvalue                             0x2000049c   Data          28  pid.o(.bss)
    __initial_sp                             0x200008b8   Data           0  startup_stm32f405xx.o(STACK)



==============================================================================

Memory Map of the image

  Image Entry point : 0x08000189

  Load Region LR_IROM1 (Base: 0x08000000, Size: 0x00003cac, Max: 0x00100000, ABSOLUTE)

    Execution Region ER_IROM1 (Base: 0x08000000, Size: 0x00003c2c, Max: 0x00100000, ABSOLUTE)

    Base Addr    Size         Type   Attr      Idx    E Section Name        Object

    0x08000000   0x00000188   Data   RO            3    RESET               startup_stm32f405xx.o
    0x08000188   0x00000000   Code   RO         4582  * .ARM.Collect$$$$00000000  mc_w.l(entry.o)
    0x08000188   0x00000004   Code   RO         4603    .ARM.Collect$$$$00000001  mc_w.l(entry2.o)
    0x0800018c   0x00000004   Code   RO         4606    .ARM.Collect$$$$00000004  mc_w.l(entry5.o)
    0x08000190   0x00000000   Code   RO         4608    .ARM.Collect$$$$00000008  mc_w.l(entry7b.o)
    0x08000190   0x00000000   Code   RO         4610    .ARM.Collect$$$$0000000A  mc_w.l(entry8b.o)
    0x08000190   0x00000008   Code   RO         4611    .ARM.Collect$$$$0000000B  mc_w.l(entry9a.o)
    0x08000198   0x00000000   Code   RO         4613    .ARM.Collect$$$$0000000D  mc_w.l(entry10a.o)
    0x08000198   0x00000000   Code   RO         4615    .ARM.Collect$$$$0000000F  mc_w.l(entry11a.o)
    0x08000198   0x00000004   Code   RO         4604    .ARM.Collect$$$$00002712  mc_w.l(entry2.o)
    0x0800019c   0x00000024   Code   RO            4    .text               startup_stm32f405xx.o
    0x080001c0   0x000000b0   Code   RO         4585    .text               mf_w.l(fadd.o)
    0x08000270   0x00000064   Code   RO         4587    .text               mf_w.l(fmul.o)
    0x080002d4   0x0000007c   Code   RO         4589    .text               mf_w.l(fdiv.o)
    0x08000350   0x00000018   Code   RO         4591    .text               mf_w.l(fscalb.o)
    0x08000368   0x0000014e   Code   RO         4593    .text               mf_w.l(dadd.o)
    0x080004b6   0x00000012   Code   RO         4595    .text               mf_w.l(fflti.o)
    0x080004c8   0x00000032   Code   RO         4597    .text               mf_w.l(ffixi.o)
    0x080004fa   0x00000026   Code   RO         4599    .text               mf_w.l(f2d.o)
    0x08000520   0x00000038   Code   RO         4601    .text               mf_w.l(d2f.o)
    0x08000558   0x0000001e   Code   RO         4617    .text               mc_w.l(llshl.o)
    0x08000576   0x00000024   Code   RO         4619    .text               mc_w.l(llsshr.o)
    0x0800059a   0x00000000   Code   RO         4621    .text               mc_w.l(iusefp.o)
    0x0800059a   0x0000006e   Code   RO         4622    .text               mf_w.l(fepilogue.o)
    0x08000608   0x000000ba   Code   RO         4624    .text               mf_w.l(depilogue.o)
    0x080006c2   0x00000002   PAD
    0x080006c4   0x00000024   Code   RO         4626    .text               mc_w.l(init.o)
    0x080006e8   0x00000020   Code   RO         4628    .text               mc_w.l(llushr.o)
    0x08000708   0x00000002   Code   RO         4339    i.BusFault_Handler  stm32f4xx_it.o
    0x0800070a   0x00000002   PAD
    0x0800070c   0x0000000c   Code   RO         4340    i.DMA1_Stream5_IRQHandler  stm32f4xx_it.o
    0x08000718   0x0000000c   Code   RO         4341    i.DMA2_Stream3_IRQHandler  stm32f4xx_it.o
    0x08000724   0x00000028   Code   RO         2854    i.DMA_CalcBaseAndBitshift  stm32f4xx_hal_dma.o
    0x0800074c   0x00000054   Code   RO         2855    i.DMA_CheckFifoParam  stm32f4xx_hal_dma.o
    0x080007a0   0x00000028   Code   RO         2856    i.DMA_SetConfig     stm32f4xx_hal_dma.o
    0x080007c8   0x00000002   Code   RO         4342    i.DebugMon_Handler  stm32f4xx_it.o
    0x080007ca   0x00000024   Code   RO         2858    i.HAL_DMA_Abort_IT  stm32f4xx_hal_dma.o
    0x080007ee   0x00000002   PAD
    0x080007f0   0x000001a8   Code   RO         2862    i.HAL_DMA_IRQHandler  stm32f4xx_hal_dma.o
    0x08000998   0x000000d4   Code   RO         2863    i.HAL_DMA_Init      stm32f4xx_hal_dma.o
    0x08000a6c   0x00000078   Code   RO         2867    i.HAL_DMA_Start_IT  stm32f4xx_hal_dma.o
    0x08000ae4   0x000001b0   Code   RO         1127    i.HAL_GPIO_Init     stm32f4xx_hal_gpio.o
    0x08000c94   0x0000000a   Code   RO         1131    i.HAL_GPIO_WritePin  stm32f4xx_hal_gpio.o
    0x08000c9e   0x00000002   PAD
    0x08000ca0   0x0000000c   Code   RO         2714    i.HAL_GetTick       stm32f4xx_hal.o
    0x08000cac   0x00000010   Code   RO         2716    i.HAL_IncTick       stm32f4xx_hal.o
    0x08000cbc   0x00000034   Code   RO         2717    i.HAL_Init          stm32f4xx_hal.o
    0x08000cf0   0x00000028   Code   RO         2718    i.HAL_InitTick      stm32f4xx_hal.o
    0x08000d18   0x00000058   Code   RO         4250    i.HAL_MspInit       stm32f4xx_hal_msp.o
    0x08000d70   0x00000016   Code   RO         1614    i.HAL_NVIC_EnableIRQ  stm32f4xx_hal_cortex.o
    0x08000d86   0x00000002   PAD
    0x08000d88   0x00000040   Code   RO         1620    i.HAL_NVIC_SetPriority  stm32f4xx_hal_cortex.o
    0x08000dc8   0x00000024   Code   RO         1621    i.HAL_NVIC_SetPriorityGrouping  stm32f4xx_hal_cortex.o
    0x08000dec   0x0000017c   Code   RO         1346    i.HAL_RCC_ClockConfig  stm32f4xx_hal_rcc.o
    0x08000f68   0x0000000c   Code   RO         1351    i.HAL_RCC_GetHCLKFreq  stm32f4xx_hal_rcc.o
    0x08000f74   0x00000030   Code   RO         1353    i.HAL_RCC_GetPCLK1Freq  stm32f4xx_hal_rcc.o
    0x08000fa4   0x00000030   Code   RO         1354    i.HAL_RCC_GetPCLK2Freq  stm32f4xx_hal_rcc.o
    0x08000fd4   0x00000070   Code   RO         1355    i.HAL_RCC_GetSysClockFreq  stm32f4xx_hal_rcc.o
    0x08001044   0x00000314   Code   RO         1358    i.HAL_RCC_OscConfig  stm32f4xx_hal_rcc.o
    0x08001358   0x00000002   Code   RO          890    i.HAL_SD_AbortCallback  stm32f4xx_hal_sd.o
    0x0800135a   0x00000002   Code   RO          895    i.HAL_SD_ErrorCallback  stm32f4xx_hal_sd.o
    0x0800135c   0x0000002c   Code   RO          899    i.HAL_SD_GetCardState  stm32f4xx_hal_sd.o
    0x08001388   0x000001c0   Code   RO          903    i.HAL_SD_IRQHandler  stm32f4xx_hal_sd.o
    0x08001548   0x00000002   Code   RO          911    i.HAL_SD_RxCpltCallback  stm32f4xx_hal_sd.o
    0x0800154a   0x00000002   Code   RO          912    i.HAL_SD_TxCpltCallback  stm32f4xx_hal_sd.o
    0x0800154c   0x00000080   Code   RO         2971    i.HAL_SPI_Init      stm32f4xx_hal_spi.o
    0x080015cc   0x0000004c   Code   RO         3842    i.HAL_SPI_MspInit   spi.o
    0x08001618   0x000001d8   Code   RO         2980    i.HAL_SPI_TransmitReceive  stm32f4xx_hal_spi.o
    0x080017f0   0x00000018   Code   RO         1623    i.HAL_SYSTICK_CLKSourceConfig  stm32f4xx_hal_cortex.o
    0x08001808   0x00000002   Code   RO         1624    i.HAL_SYSTICK_Callback  stm32f4xx_hal_cortex.o
    0x0800180a   0x00000028   Code   RO         1625    i.HAL_SYSTICK_Config  stm32f4xx_hal_cortex.o
    0x08001832   0x00000008   Code   RO         1626    i.HAL_SYSTICK_IRQHandler  stm32f4xx_hal_cortex.o
    0x0800183a   0x00000002   Code   RO         3541    i.HAL_TIMEx_BreakCallback  stm32f4xx_hal_tim_ex.o
    0x0800183c   0x00000002   Code   RO         3542    i.HAL_TIMEx_CommutationCallback  stm32f4xx_hal_tim_ex.o
    0x0800183e   0x00000050   Code   RO         3558    i.HAL_TIMEx_MasterConfigSynchronization  stm32f4xx_hal_tim_ex.o
    0x0800188e   0x00000036   Code   RO         1746    i.HAL_TIM_Base_Init  stm32f4xx_hal_tim.o
    0x080018c4   0x0000008c   Code   RO         4029    i.HAL_TIM_Base_MspInit  tim.o
    0x08001950   0x00000018   Code   RO         1751    i.HAL_TIM_Base_Start_IT  stm32f4xx_hal_tim.o
    0x08001968   0x000000f2   Code   RO         1755    i.HAL_TIM_ConfigClockSource  stm32f4xx_hal_tim.o
    0x08001a5a   0x00000002   Code   RO         1775    i.HAL_TIM_IC_CaptureCallback  stm32f4xx_hal_tim.o
    0x08001a5c   0x00000166   Code   RO         1788    i.HAL_TIM_IRQHandler  stm32f4xx_hal_tim.o
    0x08001bc2   0x00000002   PAD
    0x08001bc4   0x00000034   Code   RO         4030    i.HAL_TIM_MspPostInit  tim.o
    0x08001bf8   0x00000002   Code   RO         1791    i.HAL_TIM_OC_DelayElapsedCallback  stm32f4xx_hal_tim.o
    0x08001bfa   0x000000d0   Code   RO         1812    i.HAL_TIM_PWM_ConfigChannel  stm32f4xx_hal_tim.o
    0x08001cca   0x00000036   Code   RO         1815    i.HAL_TIM_PWM_Init  stm32f4xx_hal_tim.o
    0x08001d00   0x00000028   Code   RO         4032    i.HAL_TIM_PWM_MspInit  tim.o
    0x08001d28   0x00000002   Code   RO         1818    i.HAL_TIM_PWM_PulseFinishedCallback  stm32f4xx_hal_tim.o
    0x08001d2a   0x00000002   PAD
    0x08001d2c   0x00000038   Code   RO         1819    i.HAL_TIM_PWM_Start  stm32f4xx_hal_tim.o
    0x08001d64   0x00000098   Code   RO         4457    i.HAL_TIM_PeriodElapsedCallback  main.o
    0x08001dfc   0x00000002   Code   RO         1829    i.HAL_TIM_TriggerCallback  stm32f4xx_hal_tim.o
    0x08001dfe   0x00000002   Code   RO         2396    i.HAL_UART_ErrorCallback  stm32f4xx_hal_uart.o
    0x08001e00   0x00000110   Code   RO         2399    i.HAL_UART_IRQHandler  stm32f4xx_hal_uart.o
    0x08001f10   0x00000062   Code   RO         2400    i.HAL_UART_Init     stm32f4xx_hal_uart.o
    0x08001f72   0x00000002   PAD
    0x08001f74   0x000000e0   Code   RO         4275    i.HAL_UART_MspInit  usart.o
    0x08002054   0x00000098   Code   RO         2404    i.HAL_UART_Receive_DMA  stm32f4xx_hal_uart.o
    0x080020ec   0x00000028   Code   RO         4458    i.HAL_UART_RxCpltCallback  main.o
    0x08002114   0x00000002   Code   RO         2407    i.HAL_UART_RxHalfCpltCallback  stm32f4xx_hal_uart.o
    0x08002116   0x00000002   Code   RO         2411    i.HAL_UART_TxCpltCallback  stm32f4xx_hal_uart.o
    0x08002118   0x00000002   Code   RO         4343    i.HardFault_Handler  stm32f4xx_it.o
    0x0800211a   0x00000002   PAD
    0x0800211c   0x0000004c   Code   RO         4226    i.MX_DMA_Init       dma.o
    0x08002168   0x000000dc   Code   RO         3814    i.MX_GPIO_Init      gpio.o
    0x08002244   0x00000020   Code   RO         3985    i.MX_SDIO_SD_Init   sdio.o
    0x08002264   0x0000005c   Code   RO         3843    i.MX_SPI2_Init      spi.o
    0x080022c0   0x00000074   Code   RO         4033    i.MX_TIM1_Init      tim.o
    0x08002334   0x00000074   Code   RO         4034    i.MX_TIM2_Init      tim.o
    0x080023a8   0x00000074   Code   RO         4035    i.MX_TIM3_Init      tim.o
    0x0800241c   0x000000bc   Code   RO         4036    i.MX_TIM4_Init      tim.o
    0x080024d8   0x0000004c   Code   RO         4276    i.MX_USART1_UART_Init  usart.o
    0x08002524   0x0000004c   Code   RO         4277    i.MX_USART2_UART_Init  usart.o
    0x08002570   0x00000002   Code   RO         4344    i.MemManage_Handler  stm32f4xx_it.o
    0x08002572   0x00000002   Code   RO         4345    i.NMI_Handler       stm32f4xx_it.o
    0x08002574   0x00000018   Code   RO         3844    i.NRF24L01_CE       spi.o
    0x0800258c   0x00000018   Code   RO         3845    i.NRF24L01_CSN      spi.o
    0x080025a4   0x0000004c   Code   RO         3846    i.NRF24L01_Check    spi.o
    0x080025f0   0x00000012   Code   RO         3848    i.NRF24L01_Init     spi.o
    0x08002602   0x00000002   PAD
    0x08002604   0x00000050   Code   RO         3849    i.NRF24L01_RX_Mode  spi.o
    0x08002654   0x00000038   Code   RO         3850    i.NRF24L01_Read_Buf  spi.o
    0x0800268c   0x00000022   Code   RO         3851    i.NRF24L01_Read_Reg  spi.o
    0x080026ae   0x00000038   Code   RO         3852    i.NRF24L01_RxPacket  spi.o
    0x080026e6   0x00000038   Code   RO         3855    i.NRF24L01_Write_Buf  spi.o
    0x0800271e   0x00000024   Code   RO         3856    i.NRF24L01_Write_Reg  spi.o
    0x08002742   0x00000020   Code   RO         1627    i.NVIC_SetPriority  stm32f4xx_hal_cortex.o
    0x08002762   0x00000002   PAD
    0x08002764   0x00000360   Code   RO         4548    i.PID_Control       pid.o
    0x08002ac4   0x00000002   Code   RO         4346    i.PendSV_Handler    stm32f4xx_it.o
    0x08002ac6   0x0000000c   Code   RO         3282    i.SDIO_GetResponse  stm32f4xx_ll_sdmmc.o
    0x08002ad2   0x00000002   PAD
    0x08002ad4   0x0000000c   Code   RO         4347    i.SDIO_IRQHandler   stm32f4xx_it.o
    0x08002ae0   0x00000006   Code   RO         3286    i.SDIO_ReadFIFO     stm32f4xx_ll_sdmmc.o
    0x08002ae6   0x00000020   Code   RO         3287    i.SDIO_SendCommand  stm32f4xx_ll_sdmmc.o
    0x08002b06   0x0000000a   Code   RO         3289    i.SDIO_WriteFIFO    stm32f4xx_ll_sdmmc.o
    0x08002b10   0x00000032   Code   RO         3308    i.SDMMC_CmdSendStatus  stm32f4xx_ll_sdmmc.o
    0x08002b42   0x00000002   PAD
    0x08002b44   0x00000034   Code   RO         3311    i.SDMMC_CmdStopTransfer  stm32f4xx_ll_sdmmc.o
    0x08002b78   0x0000011c   Code   RO         3315    i.SDMMC_GetCmdResp1  stm32f4xx_ll_sdmmc.o
    0x08002c94   0x00000048   Code   RO          918    i.SD_DMARxAbort     stm32f4xx_hal_sd.o
    0x08002cdc   0x00000048   Code   RO          920    i.SD_DMATxAbort     stm32f4xx_hal_sd.o
    0x08002d24   0x00000020   Code   RO         3857    i.SPI2_ReadWriteByte  spi.o
    0x08002d44   0x00000034   Code   RO         3858    i.SPI2_SetSpeed     spi.o
    0x08002d78   0x00000020   Code   RO         2995    i.SPI_CheckFlag_BSY  stm32f4xx_hal_spi.o
    0x08002d98   0x00000096   Code   RO         3013    i.SPI_WaitFlagStateUntilTimeout  stm32f4xx_hal_spi.o
    0x08002e2e   0x00000002   Code   RO         4348    i.SVC_Handler       stm32f4xx_it.o
    0x08002e30   0x0000000e   Code   RO         4349    i.SysTick_Handler   stm32f4xx_it.o
    0x08002e3e   0x00000002   PAD
    0x08002e40   0x000000a0   Code   RO         4459    i.SystemClock_Config  main.o
    0x08002ee0   0x00000048   Code   RO           14    i.SystemInit        system_stm32f4xx_1.o
    0x08002f28   0x0000000c   Code   RO         4350    i.TIM1_UP_TIM10_IRQHandler  stm32f4xx_it.o
    0x08002f34   0x0000000c   Code   RO         4351    i.TIM2_IRQHandler   stm32f4xx_it.o
    0x08002f40   0x0000000c   Code   RO         4352    i.TIM3_IRQHandler   stm32f4xx_it.o
    0x08002f4c   0x00000044   Code   RO         4037    i.TIM4_PWM_Open     tim.o
    0x08002f90   0x000000c0   Code   RO         1830    i.TIM_Base_SetConfig  stm32f4xx_hal_tim.o
    0x08003050   0x00000016   Code   RO         1831    i.TIM_CCxChannelCmd  stm32f4xx_hal_tim.o
    0x08003066   0x00000014   Code   RO         1837    i.TIM_ETR_SetConfig  stm32f4xx_hal_tim.o
    0x0800307a   0x00000010   Code   RO         1838    i.TIM_ITRx_SetConfig  stm32f4xx_hal_tim.o
    0x0800308a   0x00000002   PAD
    0x0800308c   0x00000058   Code   RO         1839    i.TIM_OC1_SetConfig  stm32f4xx_hal_tim.o
    0x080030e4   0x00000064   Code   RO         1840    i.TIM_OC2_SetConfig  stm32f4xx_hal_tim.o
    0x08003148   0x00000060   Code   RO         1841    i.TIM_OC3_SetConfig  stm32f4xx_hal_tim.o
    0x080031a8   0x00000050   Code   RO         1842    i.TIM_OC4_SetConfig  stm32f4xx_hal_tim.o
    0x080031f8   0x00000022   Code   RO         1844    i.TIM_TI1_ConfigInputStage  stm32f4xx_hal_tim.o
    0x0800321a   0x00000024   Code   RO         1846    i.TIM_TI2_ConfigInputStage  stm32f4xx_hal_tim.o
    0x0800323e   0x00000010   Code   RO         2413    i.UART_DMAAbortOnError  stm32f4xx_hal_uart.o
    0x0800324e   0x0000004a   Code   RO         2414    i.UART_DMAError     stm32f4xx_hal_uart.o
    0x08003298   0x0000003c   Code   RO         2415    i.UART_DMAReceiveCplt  stm32f4xx_hal_uart.o
    0x080032d4   0x0000000a   Code   RO         2417    i.UART_DMARxHalfCplt  stm32f4xx_hal_uart.o
    0x080032de   0x0000001c   Code   RO         2423    i.UART_EndRxTransfer  stm32f4xx_hal_uart.o
    0x080032fa   0x00000012   Code   RO         2424    i.UART_EndTxTransfer  stm32f4xx_hal_uart.o
    0x0800330c   0x0000008c   Code   RO         2425    i.UART_Receive_IT   stm32f4xx_hal_uart.o
    0x08003398   0x000002ac   Code   RO         2426    i.UART_SetConfig    stm32f4xx_hal_uart.o
    0x08003644   0x00000062   Code   RO         2427    i.UART_Transmit_IT  stm32f4xx_hal_uart.o
    0x080036a6   0x00000002   PAD
    0x080036a8   0x0000000c   Code   RO         4353    i.USART2_IRQHandler  stm32f4xx_it.o
    0x080036b4   0x00000002   Code   RO         4354    i.UsageFault_Handler  stm32f4xx_it.o
    0x080036b6   0x00000002   PAD
    0x080036b8   0x00000018   Code   RO         4460    i._100ms            main.o
    0x080036d0   0x00000018   Code   RO         4461    i._10ms             main.o
    0x080036e8   0x00000018   Code   RO         4462    i._1ms              main.o
    0x08003700   0x00000018   Code   RO         4463    i._1s               main.o
    0x08003718   0x00000018   Code   RO         4464    i._50ms             main.o
    0x08003730   0x00000002   Code   RO         4465    i._Error_Handler    main.o
    0x08003732   0x0000000e   Code   RO         4632    i.__scatterload_copy  mc_w.l(handlers.o)
    0x08003740   0x00000002   Code   RO         4633    i.__scatterload_null  mc_w.l(handlers.o)
    0x08003742   0x0000000e   Code   RO         4634    i.__scatterload_zeroinit  mc_w.l(handlers.o)
    0x08003750   0x000000e4   Code   RO         3859    i.control_data_analysis  spi.o
    0x08003834   0x00000260   Code   RO         4278    i.copy_IMU_data     usart.o
    0x08003a94   0x00000134   Code   RO         4466    i.main              main.o
    0x08003bc8   0x00000018   Code   RO         4038    i.set_motor_speed   tim.o
    0x08003be0   0x00000010   Data   RO           15    .constdata          system_stm32f4xx_1.o
    0x08003bf0   0x00000008   Data   RO           16    .constdata          system_stm32f4xx_1.o
    0x08003bf8   0x00000008   Data   RO         2869    .constdata          stm32f4xx_hal_dma.o
    0x08003c00   0x0000000a   Data   RO         3861    .constdata          spi.o
    0x08003c0a   0x00000002   PAD
    0x08003c0c   0x00000020   Data   RO         4630    Region$$Table       anon$$obj.o


    Execution Region RW_IRAM1 (Base: 0x20000000, Size: 0x000008b8, Max: 0x00020000, ABSOLUTE)

    Base Addr    Size         Type   Attr      Idx    E Section Name        Object

    0x20000000   0x00000004   Data   RW           17    .data               system_stm32f4xx_1.o
    0x20000004   0x00000004   Data   RW         2723    .data               stm32f4xx_hal.o
    0x20000008   0x00000028   Data   RW         4281    .data               usart.o
    0x20000030   0x0000000a   Data   RW         4468    .data               main.o
    0x2000003a   0x00000002   Data   RW         4469    .data               main.o
    0x2000003c   0x00000044   Data   RW         4551    .data               pid.o
    0x20000080   0x00000058   Zero   RW         3860    .bss                spi.o
    0x200000d8   0x000000e4   Zero   RW         3986    .bss                sdio.o
    0x200001bc   0x000000f0   Zero   RW         4039    .bss                tim.o
    0x200002ac   0x00000164   Zero   RW         4280    .bss                usart.o
    0x20000410   0x0000002b   Zero   RW         4467    .bss                main.o
    0x2000043b   0x00000001   PAD
    0x2000043c   0x0000007c   Zero   RW         4550    .bss                pid.o
    0x200004b8   0x00000400   Zero   RW            1    STACK               startup_stm32f405xx.o


==============================================================================

Image component sizes


      Code (inc. data)   RO Data    RW Data    ZI Data      Debug   Object Name

        76          4          0          0          0        726   dma.o
       220         16          0          0          0        947   gpio.o
       782        116          0         12         43       6109   main.o
       864         48          0         68        124       2908   pid.o
        32          8          0          0        228        610   sdio.o
       940        106         10          0         88       8036   spi.o
        36          8        392          0       1024        776   startup_stm32f405xx.o
       120         22          0          4          0       3531   stm32f4xx_hal.o
       228         14          0          0          0      31277   stm32f4xx_hal_cortex.o
       956         22          8          0          0       5370   stm32f4xx_hal_dma.o
       442         44          0          0          0       2072   stm32f4xx_hal_gpio.o
        88          0          0          0          0        462   stm32f4xx_hal_msp.o
      1388         76          0          0          0       5112   stm32f4xx_hal_rcc.o
       644         10          0          0          0       5748   stm32f4xx_hal_sd.o
       782          0          0          0          0       3489   stm32f4xx_hal_spi.o
      1688         88          0          0          0      13442   stm32f4xx_hal_tim.o
        84          0          0          0          0       2170   stm32f4xx_hal_tim_ex.o
      1656         28          0          0          0       9242   stm32f4xx_hal_uart.o
       114         42          0          0          0       6415   stm32f4xx_it.o
       446         14          0          0          0       5515   stm32f4xx_ll_sdmmc.o
        72         18         24          4          0     654419   system_stm32f4xx_1.o
       860        142          0          0        240       5263   tim.o
       984        126          0         40        356       4924   usart.o

    ----------------------------------------------------------------------
     13534        952        468        128       2104     778563   Object Totals
         0          0         32          0          0          0   (incl. Generated)
        32          0          2          0          1          0   (incl. Padding)

    ----------------------------------------------------------------------

      Code (inc. data)   RO Data    RW Data    ZI Data      Debug   Library Member Name

         0          0          0          0          0          0   entry.o
         0          0          0          0          0          0   entry10a.o
         0          0          0          0          0          0   entry11a.o
         8          4          0          0          0          0   entry2.o
         4          0          0          0          0          0   entry5.o
         0          0          0          0          0          0   entry7b.o
         0          0          0          0          0          0   entry8b.o
         8          4          0          0          0          0   entry9a.o
        30          0          0          0          0          0   handlers.o
        36          8          0          0          0         68   init.o
         0          0          0          0          0          0   iusefp.o
        30          0          0          0          0         68   llshl.o
        36          0          0          0          0         68   llsshr.o
        32          0          0          0          0         68   llushr.o
        56          0          0          0          0         88   d2f.o
       334          0          0          0          0        148   dadd.o
       186          0          0          0          0        176   depilogue.o
        38          0          0          0          0         68   f2d.o
       176          0          0          0          0        140   fadd.o
       124          0          0          0          0         88   fdiv.o
       110          0          0          0          0        168   fepilogue.o
        50          0          0          0          0         68   ffixi.o
        18          0          0          0          0         68   fflti.o
       100          0          0          0          0         76   fmul.o
        24          0          0          0          0         68   fscalb.o

    ----------------------------------------------------------------------
      1402         16          0          0          0       1428   Library Totals
         2          0          0          0          0          0   (incl. Padding)

    ----------------------------------------------------------------------

      Code (inc. data)   RO Data    RW Data    ZI Data      Debug   Library Name

       184         16          0          0          0        272   mc_w.l
      1216          0          0          0          0       1156   mf_w.l

    ----------------------------------------------------------------------
      1402         16          0          0          0       1428   Library Totals

    ----------------------------------------------------------------------

==============================================================================


      Code (inc. data)   RO Data    RW Data    ZI Data      Debug   

     14936        968        468        128       2104     772135   Grand Totals
     14936        968        468        128       2104     772135   ELF Image Totals
     14936        968        468        128          0          0   ROM Totals

==============================================================================

    Total RO  Size (Code + RO Data)                15404 (  15.04kB)
    Total RW  Size (RW Data + ZI Data)              2232 (   2.18kB)
    Total ROM Size (Code + RO Data + RW Data)      15532 (  15.17kB)

==============================================================================

