<html>
<body>
<pre>
<h1>µVision Build Log</h1>
<h2>Tool Versions:</h2>
IDE-Version: ¦ÌVision V5.14.0.0
Copyright (C) 2015 ARM Ltd and ARM Germany GmbH. All rights reserved.
License Information: safa Microsoft, Microsoft, LIC=3UURA-157H9-MS7YP-M9G93-15VIK-3ETB0
 
Tool Versions:
Toolchain:       MDK-ARM Professional  Version: 5.14.0.0
Toolchain Path:  E:\MDK5\ARM\ARMCC\Bin
C Compiler:      Armcc.exe V5.05 update 1 (build 106)
Assembler:       Armasm.exe V5.05 update 1 (build 106)
Linker/Locator:  ArmLink.exe V5.05 update 1 (build 106)
Library Manager: ArmAr.exe V5.05 update 1 (build 106)
Hex Converter:   FromElf.exe V5.05 update 1 (build 106)
CPU DLL:         SARMCM3.DLL V5.14.0.0
Dialog DLL:      DCM.DLL V1.13.1.0
Target DLL:      Segger\JL2CM3.dll V2.99.13.0
Dialog DLL:      TCM.DLL V1.14.4.0
 
<h2>Project:</h2>
C:\Users\MsTS\Desktop\wtf\MDK-ARM\wtf.uvprojx
Project File Date:  07/26/2017

<h2>Output:</h2>
Build target 'wtf'
compiling main.c...
../Src/main.c(76): warning:  #1295-D: Deprecated declaration _1ms - give arg types
  uint8_t _1ms();
../Src/main.c(77): warning:  #1295-D: Deprecated declaration _10ms - give arg types
  uint8_t _10ms();
../Src/main.c(78): warning:  #1295-D: Deprecated declaration _50ms - give arg types
  uint8_t _50ms();
../Src/main.c(79): warning:  #1295-D: Deprecated declaration _100ms - give arg types
  uint8_t _100ms();
../Src/main.c(80): warning:  #1295-D: Deprecated declaration _1s - give arg types
  uint8_t _1s();
../Src/main.c: 5 warnings, 0 errors
linking...
Program Size: Code=14936 RO-data=468 RW-data=128 ZI-data=2104  
FromELF: creating hex file...
"wtf\wtf.axf" - 0 Error(s), 5 Warning(s).

<h2>Software Packages used:</h2>

Package Vendor: ARM
                http://www.keil.com/pack/ARM.CMSIS.4.2.0.pack
                ARM::CMSIS:CORE:3.40.0
                CMSIS (Cortex Microcontroller Software Interface Standard)
   * Component: CORE Version: 3.40.0

<h2>Collection of Component include folders:</h2>
  C:\Users\MsTS\Desktop\wtf\MDK-ARM\RTE
  E:\MDK5\ARM\PACK\ARM\CMSIS\4.2.0\CMSIS\Include
  E:\MDK5\ARM\PACK\Keil\STM32F4xx_DFP\2.9.0

<h2>Collection of Component Files used:</h2>

   * Component: ARM::CMSIS:CORE:3.40.0
      Source file:   CMSIS\UserCodeTemplates\ARM\ITM_Retarget.c
</pre>
</body>
</html>
